#
# There is insufficient memory for the Java Runtime Environment to continue.
# Native memory allocation (malloc) failed to allocate 1677472 bytes. Error detail: Chunk::new
# Possible reasons:
#   The system is out of physical RAM or swap space
#   This process is running with CompressedOops enabled, and the Java Heap may be blocking the growth of the native heap
# Possible solutions:
#   Reduce memory load on the system
#   Increase physical memory or swap space
#   Check if swap backing store is full
#   Decrease Java heap size (-Xmx/-Xms)
#   Decrease number of Java threads
#   Decrease Java thread stack sizes (-Xss)
#   Set larger code cache with -XX:ReservedCodeCacheSize=
#   JVM is running with Unscaled Compressed Oops mode in which the Java heap is
#     placed in the first 4GB address space. The Java Heap base address is the
#     maximum limit for the native heap growth. Please use -XX:HeapBaseMinAddress
#     to set the Java Heap base and to place the Java Heap above 4GB virtual address.
# This output file may be truncated or incomplete.
#
#  Out of Memory Error (arena.cpp:168), pid=30316, tid=31032
#
# JRE version: OpenJDK Runtime Environment Temurin-21.0.9+10 (21.0.9+10) (build 21.0.9+10-LTS)
# Java VM: OpenJDK 64-Bit Server VM Temurin-21.0.9+10 (21.0.9+10-LTS, mixed mode, sharing, tiered, compressed oops, compressed class ptrs, parallel gc, windows-amd64)
# No core dump will be written. Minidumps are not enabled by default on client versions of Windows
#

---------------  S U M M A R Y ------------

Command Line: --add-modules=ALL-SYSTEM --add-opens=java.base/java.util=ALL-UNNAMED --add-opens=java.base/java.lang=ALL-UNNAMED --add-opens=java.base/sun.nio.fs=ALL-UNNAMED -Declipse.application=org.eclipse.jdt.ls.core.id1 -Dosgi.bundles.defaultStartLevel=4 -Declipse.product=org.eclipse.jdt.ls.core.product -Djava.import.generatesMetadataFilesAtProjectRoot=false -DDetectVMInstallationsJob.disabled=true -Dfile.encoding=utf8 -XX:+UseParallelGC -XX:GCTimeRatio=4 -XX:AdaptiveSizePolicyWeight=90 -Dsun.zip.disableMemoryMapping=true -Xmx2G -Xms100m -Xlog:disable -javaagent:c:\Users\SHARK GAMING\.cursor\extensions\redhat.java-1.51.0-win32-x64\lombok\lombok-1.18.39-4050.jar -XX:+HeapDumpOnOutOfMemoryError -XX:HeapDumpPath=c:\Users\SHARK GAMING\AppData\Roaming\Cursor\User\workspaceStorage\dc6ebdc13448dbced74e1387565d2f0e\redhat.java -Daether.dependencyCollector.impl=bf c:\Users\SHARK GAMING\.cursor\extensions\redhat.java-1.51.0-win32-x64\server\plugins\org.eclipse.equinox.launcher_1.7.100.v20251111-0406.jar -configuration c:\Users\SHARK GAMING\AppData\Roaming\Cursor\User\globalStorage\redhat.java\1.51.0\config_win -data c:\Users\SHARK GAMING\AppData\Roaming\Cursor\User\workspaceStorage\dc6ebdc13448dbced74e1387565d2f0e\redhat.java\jdt_ws --pipe=\\.\pipe\lsp-207e78e01d82a2e3e158cca37012523c-sock

Host: Intel(R) Core(TM) i5-9600K CPU @ 3.70GHz, 6 cores, 15G,  Windows 11 , 64 bit Build 26100 (10.0.26100.7623)
Time: Sun Jan 18 01:36:47 2026 Eastern Standard Time elapsed time: 232.715571 seconds (0d 0h 3m 52s)

---------------  T H R E A D  ---------------

Current thread (0x0000013b78e49f00):  JavaThread "C2 CompilerThread1" daemon [_thread_in_native, id=31032, stack(0x000000162f500000,0x000000162f600000) (1024K)]


Current CompileTask:
C2:232715 10594   !   4       com.google.inject.spi.InjectionPoint::getInjectionPoints (489 bytes)

Stack: [0x000000162f500000,0x000000162f600000]
Native frames: (J=compiled Java code, j=interpreted, Vv=VM code, C=native code)
V  [jvm.dll+0x6d6e29]
V  [jvm.dll+0x8b4b76]
V  [jvm.dll+0x8b712e]
V  [jvm.dll+0x8b7813]
V  [jvm.dll+0x283d86]
V  [jvm.dll+0xc66ed]
V  [jvm.dll+0xc6c31]
V  [jvm.dll+0x3be53b]
V  [jvm.dll+0x38ab92]
V  [jvm.dll+0x389fda]
V  [jvm.dll+0x24bfa0]
V  [jvm.dll+0x24b580]
V  [jvm.dll+0x1cb13e]
V  [jvm.dll+0x25b29d]
V  [jvm.dll+0x25982a]
V  [jvm.dll+0x3f7ea6]
V  [jvm.dll+0x85e9ad]
V  [jvm.dll+0x6d565d]
C  [ucrtbase.dll+0x37b0]
C  [KERNEL32.DLL+0x2e8d7]
C  [ntdll.dll+0x8c53c]


---------------  P R O C E S S  ---------------

Threads class SMR info:
_java_thread_list=0x0000013b7833ba50, length=58, elements={
0x0000013b5a3cedc0, 0x0000013b5a48dc90, 0x0000013b5a3062e0, 0x0000013b5a308630,
0x0000013b5a309430, 0x0000013b5a309e80, 0x0000013b5a30a8d0, 0x0000013b5a30db20,
0x0000013b760028f0, 0x0000013b7621ae00, 0x0000013b763b85f0, 0x0000013b76be4d50,
0x0000013b765743c0, 0x0000013b769061e0, 0x0000013b76906c10, 0x0000013b771f99c0,
0x0000013b7700cbc0, 0x0000013b773f9030, 0x0000013b7622b020, 0x0000013b771e84e0,
0x0000013b771e77c0, 0x0000013b7627b8b0, 0x0000013b7627a500, 0x0000013b7627cc60,
0x0000013b76279e70, 0x0000013b762797e0, 0x0000013b7627bf40, 0x0000013b7627d980,
0x0000013b7627d2f0, 0x0000013b7627c5d0, 0x0000013b7627e010, 0x0000013b7627ab90,
0x0000013b7627e6a0, 0x0000013b7627b220, 0x0000013b7627ed30, 0x0000013b76280770,
0x0000013b762800e0, 0x0000013b76280e00, 0x0000013b7627f3c0, 0x0000013b7ad417e0,
0x0000013b7ad3fda0, 0x0000013b7ad40ac0, 0x0000013b7ad40430, 0x0000013b7ad41150,
0x0000013b7b033820, 0x0000013b7b031750, 0x0000013b7b031de0, 0x0000013b7b033eb0,
0x0000013b7b032b00, 0x0000013b7b033190, 0x0000013b7b0310c0, 0x0000013b7b036ca0,
0x0000013b7b037330, 0x0000013b7b0379c0, 0x0000013b7b034bd0, 0x0000013b7b035260,
0x0000013b7b0358f0, 0x0000013b78e49f00
}

Java Threads: ( => current thread )
  0x0000013b5a3cedc0 JavaThread "main"                              [_thread_blocked, id=36704, stack(0x000000162d800000,0x000000162d900000) (1024K)]
  0x0000013b5a48dc90 JavaThread "Reference Handler"          daemon [_thread_blocked, id=12736, stack(0x000000162dc00000,0x000000162dd00000) (1024K)]
  0x0000013b5a3062e0 JavaThread "Finalizer"                  daemon [_thread_blocked, id=31700, stack(0x000000162dd00000,0x000000162de00000) (1024K)]
  0x0000013b5a308630 JavaThread "Signal Dispatcher"          daemon [_thread_blocked, id=4836, stack(0x000000162de00000,0x000000162df00000) (1024K)]
  0x0000013b5a309430 JavaThread "Attach Listener"            daemon [_thread_blocked, id=5600, stack(0x000000162df00000,0x000000162e000000) (1024K)]
  0x0000013b5a309e80 JavaThread "Service Thread"             daemon [_thread_blocked, id=2904, stack(0x000000162e000000,0x000000162e100000) (1024K)]
  0x0000013b5a30a8d0 JavaThread "Monitor Deflation Thread"   daemon [_thread_blocked, id=9108, stack(0x000000162e100000,0x000000162e200000) (1024K)]
  0x0000013b5a30db20 JavaThread "C2 CompilerThread0"         daemon [_thread_in_native, id=7808, stack(0x000000162e200000,0x000000162e300000) (1024K)]
  0x0000013b760028f0 JavaThread "C1 CompilerThread0"         daemon [_thread_blocked, id=35612, stack(0x000000162e300000,0x000000162e400000) (1024K)]
  0x0000013b7621ae00 JavaThread "Common-Cleaner"             daemon [_thread_blocked, id=29752, stack(0x000000162e400000,0x000000162e500000) (1024K)]
  0x0000013b763b85f0 JavaThread "Notification Thread"        daemon [_thread_blocked, id=20840, stack(0x000000162e600000,0x000000162e700000) (1024K)]
  0x0000013b76be4d50 JavaThread "Active Thread: Equinox Container: bdfecb9b-f153-4eaf-9e1f-d2fe9387ae48"        [_thread_blocked, id=38228, stack(0x000000162e500000,0x000000162e600000) (1024K)]
  0x0000013b765743c0 JavaThread "Refresh Thread: Equinox Container: bdfecb9b-f153-4eaf-9e1f-d2fe9387ae48" daemon [_thread_blocked, id=23116, stack(0x000000162ed00000,0x000000162ee00000) (1024K)]
  0x0000013b769061e0 JavaThread "Framework Event Dispatcher: Equinox Container: bdfecb9b-f153-4eaf-9e1f-d2fe9387ae48" daemon [_thread_blocked, id=21808, stack(0x000000162ee00000,0x000000162ef00000) (1024K)]
  0x0000013b76906c10 JavaThread "Start Level: Equinox Container: bdfecb9b-f153-4eaf-9e1f-d2fe9387ae48" daemon [_thread_blocked, id=30588, stack(0x000000162ef00000,0x000000162f000000) (1024K)]
  0x0000013b771f99c0 JavaThread "Bundle File Closer"         daemon [_thread_blocked, id=17352, stack(0x000000162f000000,0x000000162f100000) (1024K)]
  0x0000013b7700cbc0 JavaThread "SCR Component Actor"        daemon [_thread_blocked, id=17512, stack(0x000000162ec00000,0x000000162ed00000) (1024K)]
  0x0000013b773f9030 JavaThread "Worker-JM"                         [_thread_blocked, id=28104, stack(0x000000162f200000,0x000000162f300000) (1024K)]
  0x0000013b7622b020 JavaThread "JNA Cleaner"                daemon [_thread_blocked, id=32108, stack(0x000000162f100000,0x000000162f200000) (1024K)]
  0x0000013b771e84e0 JavaThread "Worker-0"                          [_thread_blocked, id=36548, stack(0x000000162f400000,0x000000162f500000) (1024K)]
  0x0000013b771e77c0 JavaThread "Java indexing"              daemon [_thread_blocked, id=31440, stack(0x000000162f600000,0x000000162f700000) (1024K)]
  0x0000013b7627b8b0 JavaThread "Worker-2"                          [_thread_blocked, id=30284, stack(0x000000162f700000,0x000000162f800000) (1024K)]
  0x0000013b7627a500 JavaThread "Worker-3: Synchronize Gradle projects with workspace"        [_thread_blocked, id=19636, stack(0x000000162fa00000,0x000000162fb00000) (1024K)]
  0x0000013b7627cc60 JavaThread "Worker-4: Synchronize Gradle projects with workspace"        [_thread_blocked, id=38392, stack(0x000000162fb00000,0x000000162fc00000) (1024K)]
  0x0000013b76279e70 JavaThread "Thread-1"                   daemon [_thread_in_native, id=34392, stack(0x000000162fc00000,0x000000162fd00000) (1024K)]
  0x0000013b762797e0 JavaThread "Thread-2"                   daemon [_thread_in_native, id=36420, stack(0x000000162fd00000,0x000000162fe00000) (1024K)]
  0x0000013b7627bf40 JavaThread "Thread-3"                   daemon [_thread_in_native, id=6888, stack(0x000000162fe00000,0x000000162ff00000) (1024K)]
  0x0000013b7627d980 JavaThread "Thread-4"                   daemon [_thread_in_native, id=4660, stack(0x000000162ff00000,0x0000001630000000) (1024K)]
  0x0000013b7627d2f0 JavaThread "Thread-5"                   daemon [_thread_in_native, id=28364, stack(0x0000001630000000,0x0000001630100000) (1024K)]
  0x0000013b7627c5d0 JavaThread "Thread-6"                   daemon [_thread_in_native, id=14884, stack(0x0000001630100000,0x0000001630200000) (1024K)]
  0x0000013b7627e010 JavaThread "Thread-7"                   daemon [_thread_in_native, id=27440, stack(0x0000001630200000,0x0000001630300000) (1024K)]
  0x0000013b7627ab90 JavaThread "pool-2-thread-1"                   [_thread_blocked, id=32828, stack(0x0000001630300000,0x0000001630400000) (1024K)]
  0x0000013b7627e6a0 JavaThread "Worker-5: Initialize Workspace"        [_thread_in_vm, id=26932, stack(0x0000001630400000,0x0000001630500000) (1024K)]
  0x0000013b7627b220 JavaThread "Timer-0"                           [_thread_blocked, id=21560, stack(0x0000001630500000,0x0000001630600000) (1024K)]
  0x0000013b7627ed30 JavaThread "Timer-1"                           [_thread_blocked, id=17452, stack(0x0000001630600000,0x0000001630700000) (1024K)]
  0x0000013b76280770 JavaThread "Timer-2"                           [_thread_blocked, id=15032, stack(0x0000001630700000,0x0000001630800000) (1024K)]
  0x0000013b762800e0 JavaThread "Timer-3"                           [_thread_blocked, id=32128, stack(0x0000001630800000,0x0000001630900000) (1024K)]
  0x0000013b76280e00 JavaThread "WorkspaceEventsHandler"            [_thread_blocked, id=25668, stack(0x0000001630900000,0x0000001630a00000) (1024K)]
  0x0000013b7627f3c0 JavaThread "pool-1-thread-1"                   [_thread_blocked, id=36860, stack(0x0000001630a00000,0x0000001630b00000) (1024K)]
  0x0000013b7ad417e0 JavaThread "ForkJoinPool.commonPool-worker-1" daemon [_thread_blocked, id=1992, stack(0x0000001630d00000,0x0000001630e00000) (1024K)]
  0x0000013b7ad3fda0 JavaThread "ForkJoinPool.commonPool-worker-2" daemon [_thread_blocked, id=38260, stack(0x0000001630e00000,0x0000001630f00000) (1024K)]
  0x0000013b7ad40ac0 JavaThread "Timer-4"                           [_thread_blocked, id=28504, stack(0x000000162f300000,0x000000162f400000) (1024K)]
  0x0000013b7ad40430 JavaThread "Timer-5"                           [_thread_blocked, id=14232, stack(0x0000001630b00000,0x0000001630c00000) (1024K)]
  0x0000013b7ad41150 JavaThread "Timer-6"                           [_thread_blocked, id=10728, stack(0x0000001630c00000,0x0000001630d00000) (1024K)]
  0x0000013b7b033820 JavaThread "Timer-7"                           [_thread_blocked, id=35188, stack(0x0000001631200000,0x0000001631300000) (1024K)]
  0x0000013b7b031750 JavaThread "Timer-8"                           [_thread_blocked, id=10800, stack(0x0000001631300000,0x0000001631400000) (1024K)]
  0x0000013b7b031de0 JavaThread "Timer-9"                           [_thread_blocked, id=25064, stack(0x0000001631500000,0x0000001631600000) (1024K)]
  0x0000013b7b033eb0 JavaThread "Timer-10"                          [_thread_blocked, id=33832, stack(0x0000001631600000,0x0000001631700000) (1024K)]
  0x0000013b7b032b00 JavaThread "Timer-11"                          [_thread_blocked, id=9032, stack(0x0000001631400000,0x0000001631500000) (1024K)]
  0x0000013b7b033190 JavaThread "Timer-12"                          [_thread_blocked, id=21784, stack(0x0000001631700000,0x0000001631800000) (1024K)]
  0x0000013b7b0310c0 JavaThread "Timer-13"                          [_thread_blocked, id=10656, stack(0x0000001631100000,0x0000001631200000) (1024K)]
  0x0000013b7b036ca0 JavaThread "Timer-14"                          [_thread_blocked, id=9068, stack(0x0000001631900000,0x0000001631a00000) (1024K)]
  0x0000013b7b037330 JavaThread "Timer-15"                          [_thread_blocked, id=21452, stack(0x0000001631a00000,0x0000001631b00000) (1024K)]
  0x0000013b7b0379c0 JavaThread "Timer-16"                          [_thread_blocked, id=23156, stack(0x0000001631b00000,0x0000001631c00000) (1024K)]
  0x0000013b7b034bd0 JavaThread "Timer-17"                          [_thread_blocked, id=38888, stack(0x0000001631c00000,0x0000001631d00000) (1024K)]
  0x0000013b7b035260 JavaThread "Timer-18"                          [_thread_blocked, id=31808, stack(0x000000162d600000,0x000000162d700000) (1024K)]
  0x0000013b7b0358f0 JavaThread "Timer-19"                          [_thread_blocked, id=14916, stack(0x000000162d700000,0x000000162d800000) (1024K)]
=>0x0000013b78e49f00 JavaThread "C2 CompilerThread1"         daemon [_thread_in_native, id=31032, stack(0x000000162f500000,0x000000162f600000) (1024K)]
Total: 58

Other Threads:
  0x0000013b5a4708b0 VMThread "VM Thread"                           [id=30076, stack(0x000000162db00000,0x000000162dc00000) (1024K)]
  0x0000013b5a25ca00 WatcherThread "VM Periodic Task Thread"        [id=25488, stack(0x000000162da00000,0x000000162db00000) (1024K)]
  0x0000013b5a3eecb0 WorkerThread "GC Thread#0"                     [id=3320, stack(0x000000162d900000,0x000000162da00000) (1024K)]
  0x0000013b7683fc90 WorkerThread "GC Thread#1"                     [id=23076, stack(0x000000162e700000,0x000000162e800000) (1024K)]
  0x0000013b76840030 WorkerThread "GC Thread#2"                     [id=27272, stack(0x000000162e800000,0x000000162e900000) (1024K)]
  0x0000013b765a47b0 WorkerThread "GC Thread#3"                     [id=17068, stack(0x000000162e900000,0x000000162ea00000) (1024K)]
  0x0000013b765a4b50 WorkerThread "GC Thread#4"                     [id=35212, stack(0x000000162ea00000,0x000000162eb00000) (1024K)]
  0x0000013b765a4ef0 WorkerThread "GC Thread#5"                     [id=4888, stack(0x000000162eb00000,0x000000162ec00000) (1024K)]
Total: 8

Threads with active compile tasks:
C2 CompilerThread0  232760 10779       4       com.google.inject.internal.MoreTypes::getGenericSupertype (135 bytes)
C2 CompilerThread1  232761 10594   !   4       com.google.inject.spi.InjectionPoint::getInjectionPoints (489 bytes)
Total: 2

VM state: not at safepoint (normal execution)

VM Mutex/Monitor currently owned by a thread: None

Heap address: 0x0000000080000000, size: 2048 MB, Compressed Oops mode: 32-bit

CDS archive(s) mapped at: [0x0000013b00000000-0x0000013b00ba0000-0x0000013b00ba0000), size 12189696, SharedBaseAddress: 0x0000013b00000000, ArchiveRelocationMode: 1.
Compressed class space mapped at: 0x0000013b01000000-0x0000013b41000000, reserved size: 1073741824
Narrow klass base: 0x0000013b00000000, Narrow klass shift: 0, Narrow klass range: 0x100000000

GC Precious Log:
 CardTable entry size: 512
 CPUs: 6 total, 6 available
 Memory: 16188M
 Large Page Support: Disabled
 NUMA Support: Disabled
 Compressed Oops: Enabled (32-bit)
 Alignments: Space 512K, Generation 512K, Heap 2M
 Heap Min Capacity: 100M
 Heap Initial Capacity: 100M
 Heap Max Capacity: 2G
 Pre-touch: Disabled
 Parallel Workers: 6

Heap:
 PSYoungGen      total 16896K, used 9139K [0x00000000d5580000, 0x00000000d7080000, 0x0000000100000000)
  eden space 15872K, 52% used [0x00000000d5580000,0x00000000d5da4eb0,0x00000000d6500000)
  from space 1024K, 78% used [0x00000000d6e80000,0x00000000d6f48000,0x00000000d6f80000)
  to   space 1024K, 0% used [0x00000000d6f80000,0x00000000d6f80000,0x00000000d7080000)
 ParOldGen       total 115200K, used 114829K [0x0000000080000000, 0x0000000087080000, 0x00000000d5580000)
  object space 115200K, 99% used [0x0000000080000000,0x00000000870234d0,0x0000000087080000)
 Metaspace       used 72143K, committed 73792K, reserved 1114112K
  class space    used 9016K, committed 9728K, reserved 1048576K

Card table byte_map: [0x0000013b59d70000,0x0000013b5a180000] _byte_map_base: 0x0000013b59970000

Marking Bits: (ParMarkBitMap*) 0x00007ffc2c7d2460
 Begin Bits: [0x0000013b6c880000, 0x0000013b6e880000)
 End Bits:   [0x0000013b6e880000, 0x0000013b70880000)

Polling page: 0x0000013b58250000

Metaspace:

Usage:
  Non-class:     61.65 MB used.
      Class:      8.81 MB used.
       Both:     70.45 MB used.

Virtual space:
  Non-class space:       64.00 MB reserved,      62.56 MB ( 98%) committed,  1 nodes.
      Class space:        1.00 GB reserved,       9.50 MB ( <1%) committed,  1 nodes.
             Both:        1.06 GB reserved,      72.06 MB (  7%) committed. 

Chunk freelists:
   Non-Class:  1.29 MB
       Class:  6.50 MB
        Both:  7.79 MB

MaxMetaspaceSize: unlimited
CompressedClassSpaceSize: 1.00 GB
Initial GC threshold: 21.00 MB
Current GC threshold: 97.31 MB
CDS: on
 - commit_granule_bytes: 65536.
 - commit_granule_words: 8192.
 - virtual_space_node_default_size: 8388608.
 - enlarge_chunks_in_place: 1.
 - use_allocation_guard: 0.


Internal statistics:

num_allocs_failed_limit: 11.
num_arena_births: 1562.
num_arena_deaths: 14.
num_vsnodes_births: 2.
num_vsnodes_deaths: 0.
num_space_committed: 1153.
num_space_uncommitted: 0.
num_chunks_returned_to_freelist: 25.
num_chunks_taken_from_freelist: 4782.
num_chunk_merges: 16.
num_chunk_splits: 2977.
num_chunks_enlarged: 1678.
num_inconsistent_stats: 0.

CodeHeap 'non-profiled nmethods': size=120000Kb used=7823Kb max_used=7823Kb free=112176Kb
 bounds [0x0000013b650a0000, 0x0000013b65850000, 0x0000013b6c5d0000]
CodeHeap 'profiled nmethods': size=120000Kb used=20782Kb max_used=20782Kb free=99217Kb
 bounds [0x0000013b5d5d0000, 0x0000013b5ea20000, 0x0000013b64b00000]
CodeHeap 'non-nmethods': size=5760Kb used=1438Kb max_used=1501Kb free=4321Kb
 bounds [0x0000013b64b00000, 0x0000013b64d70000, 0x0000013b650a0000]
CodeCache: size=245760Kb, used=30043Kb, max_used=30106Kb, free=215714Kb
 total_blobs=10693, nmethods=9948, adapters=651, full_count=0
Compilation: enabled, stopped_count=0, restarted_count=0

Compilation events (20 events):
Event: 232.700 Thread 0x0000013b5a30db20 10741       4       java.lang.Class::getGenericInfo (52 bytes)
Event: 232.700 Thread 0x0000013b760028f0 nmethod 10757 0x0000013b5ea0b190 code [0x0000013b5ea0b3c0, 0x0000013b5ea0bd68]
Event: 232.700 Thread 0x0000013b760028f0 10758       3       com.google.common.collect.Lists$TransformingRandomAccessList::<init> (27 bytes)
Event: 232.700 Thread 0x0000013b760028f0 nmethod 10758 0x0000013b5ea0c010 code [0x0000013b5ea0c220, 0x0000013b5ea0c908]
Event: 232.700 Thread 0x0000013b760028f0 10759       3       com.google.common.collect.Lists$TransformingRandomAccessList::size (10 bytes)
Event: 232.701 Thread 0x0000013b760028f0 nmethod 10759 0x0000013b5ea0cb10 code [0x0000013b5ea0ccc0, 0x0000013b5ea0ce98]
Event: 232.701 Thread 0x0000013b760028f0 10760       3       com.google.common.collect.Lists$TransformingRandomAccessList::iterator (5 bytes)
Event: 232.701 Thread 0x0000013b760028f0 nmethod 10760 0x0000013b5ea0cf90 code [0x0000013b5ea0d140, 0x0000013b5ea0d360]
Event: 232.701 Thread 0x0000013b760028f0 10761       3       com.google.common.collect.Lists$TransformingRandomAccessList::listIterator (19 bytes)
Event: 232.701 Thread 0x0000013b760028f0 nmethod 10761 0x0000013b5ea0d410 code [0x0000013b5ea0d600, 0x0000013b5ea0dc60]
Event: 232.701 Thread 0x0000013b760028f0 10762       3       com.google.common.collect.RegularImmutableList::listIterator (6 bytes)
Event: 232.702 Thread 0x0000013b5a30db20 nmethod 10741 0x0000013b6583ed10 code [0x0000013b6583eec0, 0x0000013b6583f020]
Event: 232.702 Thread 0x0000013b760028f0 nmethod 10762 0x0000013b5ea0de90 code [0x0000013b5ea0e0a0, 0x0000013b5ea0e700]
Event: 232.702 Thread 0x0000013b760028f0 10764       3       com.google.inject.internal.ConstructorInjectorStore::createConstructor (140 bytes)
Event: 232.704 Thread 0x0000013b760028f0 nmethod 10764 0x0000013b5ea0ea10 code [0x0000013b5ea0ee00, 0x0000013b5ea107c0]
Event: 232.704 Thread 0x0000013b760028f0 10763       3       com.google.common.collect.Lists$TransformingRandomAccessList$1::<init> (11 bytes)
Event: 232.704 Thread 0x0000013b760028f0 nmethod 10763 0x0000013b5ea11310 code [0x0000013b5ea114e0, 0x0000013b5ea11990]
Event: 232.705 Thread 0x0000013b5a30db20 10765       4       com.google.common.base.Ticker$1::read (4 bytes)
Event: 232.705 Thread 0x0000013b5a30db20 nmethod 10765 0x0000013b6583f110 code [0x0000013b6583f2a0, 0x0000013b6583f340]
Event: 232.711 Thread 0x0000013b5a30db20 10766   !   4       com.google.common.cache.LocalCache$Segment::runLockedCleanup (39 bytes)

GC Heap History (20 events):
Event: 223.188 GC heap before
{Heap before GC invocations=125 (full 3):
 PSYoungGen      total 16384K, used 16032K [0x00000000d5580000, 0x00000000d7080000, 0x0000000100000000)
  eden space 15872K, 100% used [0x00000000d5580000,0x00000000d6500000,0x00000000d6500000)
  from space 512K, 31% used [0x00000000d6f80000,0x00000000d6fa8000,0x00000000d7000000)
  to   space 512K, 0% used [0x00000000d7000000,0x00000000d7000000,0x00000000d7080000)
 ParOldGen       total 113152K, used 112997K [0x0000000080000000, 0x0000000086e80000, 0x00000000d5580000)
  object space 113152K, 99% used [0x0000000080000000,0x0000000086e59780,0x0000000086e80000)
 Metaspace       used 71356K, committed 72960K, reserved 1114112K
  class space    used 8927K, committed 9664K, reserved 1048576K
}
Event: 223.188 GC heap after
{Heap after GC invocations=125 (full 3):
 PSYoungGen      total 16384K, used 160K [0x00000000d5580000, 0x00000000d7080000, 0x0000000100000000)
  eden space 15872K, 0% used [0x00000000d5580000,0x00000000d5580000,0x00000000d6500000)
  from space 512K, 31% used [0x00000000d7000000,0x00000000d7028000,0x00000000d7080000)
  to   space 512K, 0% used [0x00000000d6f80000,0x00000000d6f80000,0x00000000d7000000)
 ParOldGen       total 113152K, used 113045K [0x0000000080000000, 0x0000000086e80000, 0x00000000d5580000)
  object space 113152K, 99% used [0x0000000080000000,0x0000000086e65780,0x0000000086e80000)
 Metaspace       used 71356K, committed 72960K, reserved 1114112K
  class space    used 8927K, committed 9664K, reserved 1048576K
}
Event: 229.992 GC heap before
{Heap before GC invocations=126 (full 3):
 PSYoungGen      total 16384K, used 16031K [0x00000000d5580000, 0x00000000d7080000, 0x0000000100000000)
  eden space 15872K, 99% used [0x00000000d5580000,0x00000000d64fffb0,0x00000000d6500000)
  from space 512K, 31% used [0x00000000d7000000,0x00000000d7028000,0x00000000d7080000)
  to   space 512K, 0% used [0x00000000d6f80000,0x00000000d6f80000,0x00000000d7000000)
 ParOldGen       total 113152K, used 113045K [0x0000000080000000, 0x0000000086e80000, 0x00000000d5580000)
  object space 113152K, 99% used [0x0000000080000000,0x0000000086e65780,0x0000000086e80000)
 Metaspace       used 71383K, committed 72960K, reserved 1114112K
  class space    used 8933K, committed 9664K, reserved 1048576K
}
Event: 229.993 GC heap after
{Heap after GC invocations=126 (full 3):
 PSYoungGen      total 16384K, used 494K [0x00000000d5580000, 0x00000000d7080000, 0x0000000100000000)
  eden space 15872K, 0% used [0x00000000d5580000,0x00000000d5580000,0x00000000d6500000)
  from space 512K, 96% used [0x00000000d6f80000,0x00000000d6ffb838,0x00000000d7000000)
  to   space 512K, 0% used [0x00000000d7000000,0x00000000d7000000,0x00000000d7080000)
 ParOldGen       total 113664K, used 113344K [0x0000000080000000, 0x0000000086f00000, 0x00000000d5580000)
  object space 113664K, 99% used [0x0000000080000000,0x0000000086eb0360,0x0000000086f00000)
 Metaspace       used 71383K, committed 72960K, reserved 1114112K
  class space    used 8933K, committed 9664K, reserved 1048576K
}
Event: 230.564 GC heap before
{Heap before GC invocations=127 (full 3):
 PSYoungGen      total 16384K, used 16366K [0x00000000d5580000, 0x00000000d7080000, 0x0000000100000000)
  eden space 15872K, 100% used [0x00000000d5580000,0x00000000d6500000,0x00000000d6500000)
  from space 512K, 96% used [0x00000000d6f80000,0x00000000d6ffb838,0x00000000d7000000)
  to   space 512K, 0% used [0x00000000d7000000,0x00000000d7000000,0x00000000d7080000)
 ParOldGen       total 113664K, used 113344K [0x0000000080000000, 0x0000000086f00000, 0x00000000d5580000)
  object space 113664K, 99% used [0x0000000080000000,0x0000000086eb0360,0x0000000086f00000)
 Metaspace       used 71579K, committed 73152K, reserved 1114112K
  class space    used 8954K, committed 9664K, reserved 1048576K
}
Event: 230.564 GC heap after
{Heap after GC invocations=127 (full 3):
 PSYoungGen      total 16384K, used 288K [0x00000000d5580000, 0x00000000d7080000, 0x0000000100000000)
  eden space 15872K, 0% used [0x00000000d5580000,0x00000000d5580000,0x00000000d6500000)
  from space 512K, 56% used [0x00000000d7000000,0x00000000d7048000,0x00000000d7080000)
  to   space 512K, 0% used [0x00000000d6f80000,0x00000000d6f80000,0x00000000d7000000)
 ParOldGen       total 114176K, used 113730K [0x0000000080000000, 0x0000000086f80000, 0x00000000d5580000)
  object space 114176K, 99% used [0x0000000080000000,0x0000000086f10960,0x0000000086f80000)
 Metaspace       used 71579K, committed 73152K, reserved 1114112K
  class space    used 8954K, committed 9664K, reserved 1048576K
}
Event: 230.963 GC heap before
{Heap before GC invocations=128 (full 3):
 PSYoungGen      total 16384K, used 16160K [0x00000000d5580000, 0x00000000d7080000, 0x0000000100000000)
  eden space 15872K, 100% used [0x00000000d5580000,0x00000000d6500000,0x00000000d6500000)
  from space 512K, 56% used [0x00000000d7000000,0x00000000d7048000,0x00000000d7080000)
  to   space 512K, 0% used [0x00000000d6f80000,0x00000000d6f80000,0x00000000d7000000)
 ParOldGen       total 114176K, used 113730K [0x0000000080000000, 0x0000000086f80000, 0x00000000d5580000)
  object space 114176K, 99% used [0x0000000080000000,0x0000000086f10960,0x0000000086f80000)
 Metaspace       used 71579K, committed 73152K, reserved 1114112K
  class space    used 8954K, committed 9664K, reserved 1048576K
}
Event: 230.964 GC heap after
{Heap after GC invocations=128 (full 3):
 PSYoungGen      total 16384K, used 96K [0x00000000d5580000, 0x00000000d7080000, 0x0000000100000000)
  eden space 15872K, 0% used [0x00000000d5580000,0x00000000d5580000,0x00000000d6500000)
  from space 512K, 18% used [0x00000000d6f80000,0x00000000d6f98000,0x00000000d7000000)
  to   space 512K, 0% used [0x00000000d7000000,0x00000000d7000000,0x00000000d7080000)
 ParOldGen       total 114176K, used 113930K [0x0000000080000000, 0x0000000086f80000, 0x00000000d5580000)
  object space 114176K, 99% used [0x0000000080000000,0x0000000086f42960,0x0000000086f80000)
 Metaspace       used 71579K, committed 73152K, reserved 1114112K
  class space    used 8954K, committed 9664K, reserved 1048576K
}
Event: 231.158 GC heap before
{Heap before GC invocations=129 (full 3):
 PSYoungGen      total 16384K, used 15968K [0x00000000d5580000, 0x00000000d7080000, 0x0000000100000000)
  eden space 15872K, 100% used [0x00000000d5580000,0x00000000d6500000,0x00000000d6500000)
  from space 512K, 18% used [0x00000000d6f80000,0x00000000d6f98000,0x00000000d7000000)
  to   space 512K, 0% used [0x00000000d7000000,0x00000000d7000000,0x00000000d7080000)
 ParOldGen       total 114176K, used 113930K [0x0000000080000000, 0x0000000086f80000, 0x00000000d5580000)
  object space 114176K, 99% used [0x0000000080000000,0x0000000086f42960,0x0000000086f80000)
 Metaspace       used 71579K, committed 73152K, reserved 1114112K
  class space    used 8954K, committed 9664K, reserved 1048576K
}
Event: 231.159 GC heap after
{Heap after GC invocations=129 (full 3):
 PSYoungGen      total 16384K, used 128K [0x00000000d5580000, 0x00000000d7080000, 0x0000000100000000)
  eden space 15872K, 0% used [0x00000000d5580000,0x00000000d5580000,0x00000000d6500000)
  from space 512K, 25% used [0x00000000d7000000,0x00000000d7020000,0x00000000d7080000)
  to   space 512K, 0% used [0x00000000d6f80000,0x00000000d6f80000,0x00000000d7000000)
 ParOldGen       total 114176K, used 113970K [0x0000000080000000, 0x0000000086f80000, 0x00000000d5580000)
  object space 114176K, 99% used [0x0000000080000000,0x0000000086f4c960,0x0000000086f80000)
 Metaspace       used 71579K, committed 73152K, reserved 1114112K
  class space    used 8954K, committed 9664K, reserved 1048576K
}
Event: 231.274 GC heap before
{Heap before GC invocations=130 (full 3):
 PSYoungGen      total 16384K, used 16000K [0x00000000d5580000, 0x00000000d7080000, 0x0000000100000000)
  eden space 15872K, 100% used [0x00000000d5580000,0x00000000d6500000,0x00000000d6500000)
  from space 512K, 25% used [0x00000000d7000000,0x00000000d7020000,0x00000000d7080000)
  to   space 512K, 0% used [0x00000000d6f80000,0x00000000d6f80000,0x00000000d7000000)
 ParOldGen       total 114176K, used 113970K [0x0000000080000000, 0x0000000086f80000, 0x00000000d5580000)
  object space 114176K, 99% used [0x0000000080000000,0x0000000086f4c960,0x0000000086f80000)
 Metaspace       used 71579K, committed 73152K, reserved 1114112K
  class space    used 8954K, committed 9664K, reserved 1048576K
}
Event: 231.274 GC heap after
{Heap after GC invocations=130 (full 3):
 PSYoungGen      total 16384K, used 160K [0x00000000d5580000, 0x00000000d7080000, 0x0000000100000000)
  eden space 15872K, 0% used [0x00000000d5580000,0x00000000d5580000,0x00000000d6500000)
  from space 512K, 31% used [0x00000000d6f80000,0x00000000d6fa8000,0x00000000d7000000)
  to   space 512K, 0% used [0x00000000d7000000,0x00000000d7000000,0x00000000d7080000)
 ParOldGen       total 114176K, used 113994K [0x0000000080000000, 0x0000000086f80000, 0x00000000d5580000)
  object space 114176K, 99% used [0x0000000080000000,0x0000000086f52960,0x0000000086f80000)
 Metaspace       used 71579K, committed 73152K, reserved 1114112K
  class space    used 8954K, committed 9664K, reserved 1048576K
}
Event: 231.388 GC heap before
{Heap before GC invocations=131 (full 3):
 PSYoungGen      total 16384K, used 16032K [0x00000000d5580000, 0x00000000d7080000, 0x0000000100000000)
  eden space 15872K, 100% used [0x00000000d5580000,0x00000000d6500000,0x00000000d6500000)
  from space 512K, 31% used [0x00000000d6f80000,0x00000000d6fa8000,0x00000000d7000000)
  to   space 512K, 0% used [0x00000000d7000000,0x00000000d7000000,0x00000000d7080000)
 ParOldGen       total 114176K, used 113994K [0x0000000080000000, 0x0000000086f80000, 0x00000000d5580000)
  object space 114176K, 99% used [0x0000000080000000,0x0000000086f52960,0x0000000086f80000)
 Metaspace       used 71579K, committed 73152K, reserved 1114112K
  class space    used 8954K, committed 9664K, reserved 1048576K
}
Event: 231.389 GC heap after
{Heap after GC invocations=131 (full 3):
 PSYoungGen      total 16384K, used 192K [0x00000000d5580000, 0x00000000d7080000, 0x0000000100000000)
  eden space 15872K, 0% used [0x00000000d5580000,0x00000000d5580000,0x00000000d6500000)
  from space 512K, 37% used [0x00000000d7000000,0x00000000d7030000,0x00000000d7080000)
  to   space 512K, 0% used [0x00000000d6f80000,0x00000000d6f80000,0x00000000d7000000)
 ParOldGen       total 114176K, used 114002K [0x0000000080000000, 0x0000000086f80000, 0x00000000d5580000)
  object space 114176K, 99% used [0x0000000080000000,0x0000000086f54960,0x0000000086f80000)
 Metaspace       used 71579K, committed 73152K, reserved 1114112K
  class space    used 8954K, committed 9664K, reserved 1048576K
}
Event: 231.562 GC heap before
{Heap before GC invocations=132 (full 3):
 PSYoungGen      total 16384K, used 16064K [0x00000000d5580000, 0x00000000d7080000, 0x0000000100000000)
  eden space 15872K, 100% used [0x00000000d5580000,0x00000000d6500000,0x00000000d6500000)
  from space 512K, 37% used [0x00000000d7000000,0x00000000d7030000,0x00000000d7080000)
  to   space 512K, 0% used [0x00000000d6f80000,0x00000000d6f80000,0x00000000d7000000)
 ParOldGen       total 114176K, used 114002K [0x0000000080000000, 0x0000000086f80000, 0x00000000d5580000)
  object space 114176K, 99% used [0x0000000080000000,0x0000000086f54960,0x0000000086f80000)
 Metaspace       used 71762K, committed 73408K, reserved 1114112K
  class space    used 8970K, committed 9728K, reserved 1048576K
}
Event: 231.563 GC heap after
{Heap after GC invocations=132 (full 3):
 PSYoungGen      total 16384K, used 384K [0x00000000d5580000, 0x00000000d7080000, 0x0000000100000000)
  eden space 15872K, 0% used [0x00000000d5580000,0x00000000d5580000,0x00000000d6500000)
  from space 512K, 75% used [0x00000000d6f80000,0x00000000d6fe0000,0x00000000d7000000)
  to   space 512K, 0% used [0x00000000d7000000,0x00000000d7000000,0x00000000d7080000)
 ParOldGen       total 114176K, used 114010K [0x0000000080000000, 0x0000000086f80000, 0x00000000d5580000)
  object space 114176K, 99% used [0x0000000080000000,0x0000000086f56960,0x0000000086f80000)
 Metaspace       used 71762K, committed 73408K, reserved 1114112K
  class space    used 8970K, committed 9728K, reserved 1048576K
}
Event: 232.307 GC heap before
{Heap before GC invocations=133 (full 3):
 PSYoungGen      total 16384K, used 16256K [0x00000000d5580000, 0x00000000d7080000, 0x0000000100000000)
  eden space 15872K, 100% used [0x00000000d5580000,0x00000000d6500000,0x00000000d6500000)
  from space 512K, 75% used [0x00000000d6f80000,0x00000000d6fe0000,0x00000000d7000000)
  to   space 512K, 0% used [0x00000000d7000000,0x00000000d7000000,0x00000000d7080000)
 ParOldGen       total 114176K, used 114010K [0x0000000080000000, 0x0000000086f80000, 0x00000000d5580000)
  object space 114176K, 99% used [0x0000000080000000,0x0000000086f56960,0x0000000086f80000)
 Metaspace       used 71968K, committed 73600K, reserved 1114112K
  class space    used 8986K, committed 9728K, reserved 1048576K
}
Event: 232.309 GC heap after
{Heap after GC invocations=133 (full 3):
 PSYoungGen      total 16384K, used 512K [0x00000000d5580000, 0x00000000d7080000, 0x0000000100000000)
  eden space 15872K, 0% used [0x00000000d5580000,0x00000000d5580000,0x00000000d6500000)
  from space 512K, 100% used [0x00000000d7000000,0x00000000d7080000,0x00000000d7080000)
  to   space 1024K, 0% used [0x00000000d6e80000,0x00000000d6e80000,0x00000000d6f80000)
 ParOldGen       total 114688K, used 114413K [0x0000000080000000, 0x0000000087000000, 0x00000000d5580000)
  object space 114688K, 99% used [0x0000000080000000,0x0000000086fbb4d0,0x0000000087000000)
 Metaspace       used 71968K, committed 73600K, reserved 1114112K
  class space    used 8986K, committed 9728K, reserved 1048576K
}
Event: 232.614 GC heap before
{Heap before GC invocations=134 (full 3):
 PSYoungGen      total 16384K, used 16384K [0x00000000d5580000, 0x00000000d7080000, 0x0000000100000000)
  eden space 15872K, 100% used [0x00000000d5580000,0x00000000d6500000,0x00000000d6500000)
  from space 512K, 100% used [0x00000000d7000000,0x00000000d7080000,0x00000000d7080000)
  to   space 1024K, 0% used [0x00000000d6e80000,0x00000000d6e80000,0x00000000d6f80000)
 ParOldGen       total 114688K, used 114413K [0x0000000080000000, 0x0000000087000000, 0x00000000d5580000)
  object space 114688K, 99% used [0x0000000080000000,0x0000000086fbb4d0,0x0000000087000000)
 Metaspace       used 72076K, committed 73728K, reserved 1114112K
  class space    used 9001K, committed 9728K, reserved 1048576K
}
Event: 232.616 GC heap after
{Heap after GC invocations=134 (full 3):
 PSYoungGen      total 16896K, used 800K [0x00000000d5580000, 0x00000000d7080000, 0x0000000100000000)
  eden space 15872K, 0% used [0x00000000d5580000,0x00000000d5580000,0x00000000d6500000)
  from space 1024K, 78% used [0x00000000d6e80000,0x00000000d6f48000,0x00000000d6f80000)
  to   space 1024K, 0% used [0x00000000d6f80000,0x00000000d6f80000,0x00000000d7080000)
 ParOldGen       total 115200K, used 114829K [0x0000000080000000, 0x0000000087080000, 0x00000000d5580000)
  object space 115200K, 99% used [0x0000000080000000,0x00000000870234d0,0x0000000087080000)
 Metaspace       used 72076K, committed 73728K, reserved 1114112K
  class space    used 9001K, committed 9728K, reserved 1048576K
}

Dll operation events (15 events):
Event: 0.014 Loaded shared library c:\Users\SHARK GAMING\.cursor\extensions\redhat.java-1.51.0-win32-x64\jre\21.0.9-win32-x86_64\bin\java.dll
Event: 0.154 Loaded shared library c:\Users\SHARK GAMING\.cursor\extensions\redhat.java-1.51.0-win32-x64\jre\21.0.9-win32-x86_64\bin\zip.dll
Event: 0.182 Loaded shared library C:\Users\SHARK GAMING\.cursor\extensions\redhat.java-1.51.0-win32-x64\jre\21.0.9-win32-x86_64\bin\instrument.dll
Event: 0.188 Loaded shared library C:\Users\SHARK GAMING\.cursor\extensions\redhat.java-1.51.0-win32-x64\jre\21.0.9-win32-x86_64\bin\net.dll
Event: 0.214 Loaded shared library C:\Users\SHARK GAMING\.cursor\extensions\redhat.java-1.51.0-win32-x64\jre\21.0.9-win32-x86_64\bin\nio.dll
Event: 0.218 Loaded shared library C:\Users\SHARK GAMING\.cursor\extensions\redhat.java-1.51.0-win32-x64\jre\21.0.9-win32-x86_64\bin\zip.dll
Event: 0.276 Loaded shared library C:\Users\SHARK GAMING\.cursor\extensions\redhat.java-1.51.0-win32-x64\jre\21.0.9-win32-x86_64\bin\jimage.dll
Event: 0.492 Loaded shared library c:\Users\SHARK GAMING\.cursor\extensions\redhat.java-1.51.0-win32-x64\jre\21.0.9-win32-x86_64\bin\verify.dll
Event: 2.898 Loaded shared library C:\Users\SHARK GAMING\AppData\Roaming\Cursor\User\globalStorage\redhat.java\1.51.0\config_win\org.eclipse.equinox.launcher\org.eclipse.equinox.launcher.win32.win32.x86_64_1.2.1400.v20250801-0854\eclipse_11916.dll
Event: 6.116 Loaded shared library C:\Users\SHARK GAMING\AppData\Local\Temp\jna-1813766378\jna9033883879392590759.dll
Event: 9.399 Loaded shared library C:\Users\SHARK GAMING\.cursor\extensions\redhat.java-1.51.0-win32-x64\jre\21.0.9-win32-x86_64\bin\management.dll
Event: 9.402 Loaded shared library C:\Users\SHARK GAMING\.cursor\extensions\redhat.java-1.51.0-win32-x64\jre\21.0.9-win32-x86_64\bin\management_ext.dll
Event: 15.652 Loaded shared library C:\Users\SHARK GAMING\.gradle\native\1def1411415f61bf3af743bc5b6707747c0891f09f0c88961ee8f79bc544acac\windows-amd64\native-platform.dll
Event: 34.260 Loaded shared library C:\Users\SHARK GAMING\.cursor\extensions\redhat.java-1.51.0-win32-x64\jre\21.0.9-win32-x86_64\bin\extnet.dll
Event: 37.899 Loaded shared library C:\Users\SHARK GAMING\.cursor\extensions\redhat.java-1.51.0-win32-x64\jre\21.0.9-win32-x86_64\bin\sunmscapi.dll

Deoptimization events (20 events):
Event: 232.268 Thread 0x0000013b7627e6a0 DEOPT PACKING pc=0x0000013b5dff97c8 sp=0x00000016304fdf70
Event: 232.268 Thread 0x0000013b7627e6a0 DEOPT UNPACKING pc=0x0000013b64b54242 sp=0x00000016304fd4b8 mode 0
Event: 232.271 Thread 0x0000013b7627e6a0 DEOPT PACKING pc=0x0000013b5dff97c8 sp=0x00000016304fe080
Event: 232.271 Thread 0x0000013b7627e6a0 DEOPT UNPACKING pc=0x0000013b64b54242 sp=0x00000016304fd5c8 mode 0
Event: 232.274 Thread 0x0000013b7627e6a0 DEOPT PACKING pc=0x0000013b5dff97c8 sp=0x00000016304fdf70
Event: 232.274 Thread 0x0000013b7627e6a0 DEOPT UNPACKING pc=0x0000013b64b54242 sp=0x00000016304fd4b8 mode 0
Event: 232.276 Thread 0x0000013b7627e6a0 DEOPT PACKING pc=0x0000013b5dff97e9 sp=0x00000016304fdf80
Event: 232.276 Thread 0x0000013b7627e6a0 DEOPT UNPACKING pc=0x0000013b64b54242 sp=0x00000016304fd4d8 mode 0
Event: 232.279 Thread 0x0000013b7627e6a0 DEOPT PACKING pc=0x0000013b5dff97c8 sp=0x00000016304fde40
Event: 232.279 Thread 0x0000013b7627e6a0 DEOPT UNPACKING pc=0x0000013b64b54242 sp=0x00000016304fd388 mode 0
Event: 232.281 Thread 0x0000013b7627e6a0 DEOPT PACKING pc=0x0000013b5dff97c8 sp=0x00000016304fde30
Event: 232.281 Thread 0x0000013b7627e6a0 DEOPT UNPACKING pc=0x0000013b64b54242 sp=0x00000016304fd378 mode 0
Event: 232.322 Thread 0x0000013b7627e6a0 DEOPT PACKING pc=0x0000013b5e0b28e3 sp=0x00000016304fe030
Event: 232.322 Thread 0x0000013b7627e6a0 DEOPT UNPACKING pc=0x0000013b64b54242 sp=0x00000016304fd540 mode 0
Event: 232.326 Thread 0x0000013b7627e6a0 DEOPT PACKING pc=0x0000013b5e0b28e3 sp=0x00000016304fe030
Event: 232.326 Thread 0x0000013b7627e6a0 DEOPT UNPACKING pc=0x0000013b64b54242 sp=0x00000016304fd540 mode 0
Event: 232.589 Thread 0x0000013b7627e6a0 Uncommon trap: trap_request=0xffffffc6 fr.pc=0x0000013b657397c0 relative=0x0000000000000ec0
Event: 232.589 Thread 0x0000013b7627e6a0 Uncommon trap: reason=bimorphic_or_optimized_type_check action=maybe_recompile pc=0x0000013b657397c0 method=java.util.stream.ReferencePipeline.collect(Ljava/util/stream/Collector;)Ljava/lang/Object; @ 118 c2
Event: 232.589 Thread 0x0000013b7627e6a0 DEOPT PACKING pc=0x0000013b657397c0 sp=0x00000016304fea70
Event: 232.589 Thread 0x0000013b7627e6a0 DEOPT UNPACKING pc=0x0000013b64b53aa2 sp=0x00000016304fea28 mode 2

Classes loaded (20 events):
Event: 140.981 Loading class java/lang/Process$PipeInputStream
Event: 140.981 Loading class java/lang/Process$PipeInputStream done
Event: 140.986 Loading class jdk/internal/event/ProcessStartEvent
Event: 140.987 Loading class jdk/internal/event/ProcessStartEvent done
Event: 142.112 Loading class java/util/EnumMap$EntrySet
Event: 142.112 Loading class java/util/EnumMap$EntrySet done
Event: 142.113 Loading class java/util/EnumMap$EntryIterator
Event: 142.113 Loading class java/util/EnumMap$EnumMapIterator
Event: 142.113 Loading class java/util/EnumMap$EnumMapIterator done
Event: 142.113 Loading class java/util/EnumMap$EntryIterator done
Event: 142.113 Loading class java/util/EnumMap$EntryIterator$Entry
Event: 142.113 Loading class java/util/EnumMap$EntryIterator$Entry done
Event: 143.405 Loading class java/lang/ProcessBuilder$NullInputStream
Event: 143.405 Loading class java/lang/ProcessBuilder$NullInputStream done
Event: 143.408 Loading class java/util/Scanner
Event: 143.409 Loading class java/util/Scanner done
Event: 143.411 Loading class java/util/Scanner$PatternLRUCache
Event: 143.411 Loading class java/util/Scanner$PatternLRUCache done
Event: 148.960 Loading class java/util/regex/Matcher$ImmutableMatchResult
Event: 148.960 Loading class java/util/regex/Matcher$ImmutableMatchResult done

Classes unloaded (7 events):
Event: 7.203 Thread 0x0000013b5a4708b0 Unloading class 0x0000013b011a3800 'java/lang/invoke/LambdaForm$MH+0x0000013b011a3800'
Event: 7.203 Thread 0x0000013b5a4708b0 Unloading class 0x0000013b011a3400 'java/lang/invoke/LambdaForm$MH+0x0000013b011a3400'
Event: 7.203 Thread 0x0000013b5a4708b0 Unloading class 0x0000013b011a3000 'java/lang/invoke/LambdaForm$MH+0x0000013b011a3000'
Event: 7.203 Thread 0x0000013b5a4708b0 Unloading class 0x0000013b011a2c00 'java/lang/invoke/LambdaForm$MH+0x0000013b011a2c00'
Event: 7.203 Thread 0x0000013b5a4708b0 Unloading class 0x0000013b011a2800 'java/lang/invoke/LambdaForm$BMH+0x0000013b011a2800'
Event: 7.203 Thread 0x0000013b5a4708b0 Unloading class 0x0000013b011a2400 'java/lang/invoke/LambdaForm$DMH+0x0000013b011a2400'
Event: 7.203 Thread 0x0000013b5a4708b0 Unloading class 0x0000013b011a1000 'java/lang/invoke/LambdaForm$DMH+0x0000013b011a1000'

Classes redefined (0 events):
No events

Internal exceptions (20 events):
Event: 231.122 Thread 0x0000013b7627e6a0 Exception <a 'sun/nio/fs/WindowsException'{0x00000000d5ee29e8}> (0x00000000d5ee29e8) 
thrown [s\src\hotspot\share\prims\jni.cpp, line 520]
Event: 231.123 Thread 0x0000013b7627e6a0 Exception <a 'sun/nio/fs/WindowsException'{0x00000000d5ef2e90}> (0x00000000d5ef2e90) 
thrown [s\src\hotspot\share\prims\jni.cpp, line 520]
Event: 231.124 Thread 0x0000013b7627e6a0 Exception <a 'sun/nio/fs/WindowsException'{0x00000000d5f046d8}> (0x00000000d5f046d8) 
thrown [s\src\hotspot\share\prims\jni.cpp, line 520]
Event: 231.124 Thread 0x0000013b7627e6a0 Exception <a 'sun/nio/fs/WindowsException'{0x00000000d5f15310}> (0x00000000d5f15310) 
thrown [s\src\hotspot\share\prims\jni.cpp, line 520]
Event: 231.125 Thread 0x0000013b7627e6a0 Exception <a 'sun/nio/fs/WindowsException'{0x00000000d5f25268}> (0x00000000d5f25268) 
thrown [s\src\hotspot\share\prims\jni.cpp, line 520]
Event: 231.125 Thread 0x0000013b7627e6a0 Exception <a 'sun/nio/fs/WindowsException'{0x00000000d5f35c10}> (0x00000000d5f35c10) 
thrown [s\src\hotspot\share\prims\jni.cpp, line 520]
Event: 231.126 Thread 0x0000013b7627e6a0 Exception <a 'sun/nio/fs/WindowsException'{0x00000000d5f46290}> (0x00000000d5f46290) 
thrown [s\src\hotspot\share\prims\jni.cpp, line 520]
Event: 231.126 Thread 0x0000013b7627e6a0 Exception <a 'sun/nio/fs/WindowsException'{0x00000000d5f55e08}> (0x00000000d5f55e08) 
thrown [s\src\hotspot\share\prims\jni.cpp, line 520]
Event: 231.127 Thread 0x0000013b7627e6a0 Exception <a 'sun/nio/fs/WindowsException'{0x00000000d5f65b00}> (0x00000000d5f65b00) 
thrown [s\src\hotspot\share\prims\jni.cpp, line 520]
Event: 231.127 Thread 0x0000013b7627e6a0 Exception <a 'sun/nio/fs/WindowsException'{0x00000000d5f773f0}> (0x00000000d5f773f0) 
thrown [s\src\hotspot\share\prims\jni.cpp, line 520]
Event: 231.128 Thread 0x0000013b7627e6a0 Exception <a 'sun/nio/fs/WindowsException'{0x00000000d5f881b0}> (0x00000000d5f881b0) 
thrown [s\src\hotspot\share\prims\jni.cpp, line 520]
Event: 231.128 Thread 0x0000013b7627e6a0 Exception <a 'sun/nio/fs/WindowsException'{0x00000000d5f98638}> (0x00000000d5f98638) 
thrown [s\src\hotspot\share\prims\jni.cpp, line 520]
Event: 231.129 Thread 0x0000013b7627e6a0 Exception <a 'sun/nio/fs/WindowsException'{0x00000000d5fa8848}> (0x00000000d5fa8848) 
thrown [s\src\hotspot\share\prims\jni.cpp, line 520]
Event: 231.425 Thread 0x0000013b7627e6a0 Exception <a 'sun/nio/fs/WindowsException'{0x00000000d5baa908}> (0x00000000d5baa908) 
thrown [s\src\hotspot\share\prims\jni.cpp, line 520]
Event: 231.425 Thread 0x0000013b7627e6a0 Exception <a 'sun/nio/fs/WindowsException'{0x00000000d5bbbce8}> (0x00000000d5bbbce8) 
thrown [s\src\hotspot\share\prims\jni.cpp, line 520]
Event: 231.425 Thread 0x0000013b7627e6a0 Exception <a 'sun/nio/fs/WindowsException'{0x00000000d5bcb960}> (0x00000000d5bcb960) 
thrown [s\src\hotspot\share\prims\jni.cpp, line 520]
Event: 231.426 Thread 0x0000013b7627e6a0 Exception <a 'java/io/IOException'{0x00000000d5bcd328}> (0x00000000d5bcd328) 
thrown [s\src\hotspot\share\prims\jni.cpp, line 520]
Event: 231.426 Thread 0x0000013b7627e6a0 Exception <a 'java/io/IOException'{0x00000000d5bddfe8}> (0x00000000d5bddfe8) 
thrown [s\src\hotspot\share\prims\jni.cpp, line 520]
Event: 231.427 Thread 0x0000013b7627e6a0 Exception <a 'java/io/IOException'{0x00000000d5bdf160}> (0x00000000d5bdf160) 
thrown [s\src\hotspot\share\prims\jni.cpp, line 520]
Event: 231.427 Thread 0x0000013b7627e6a0 Exception <a 'java/io/IOException'{0x00000000d5befd08}> (0x00000000d5befd08) 
thrown [s\src\hotspot\share\prims\jni.cpp, line 520]

ZGC Phase Switch (0 events):
No events

VM Operations (20 events):
Event: 225.188 Executing VM operation: Cleanup
Event: 225.189 Executing VM operation: Cleanup done
Event: 229.992 Executing VM operation: ParallelGCFailedAllocation (Allocation Failure)
Event: 229.993 Executing VM operation: ParallelGCFailedAllocation (Allocation Failure) done
Event: 230.563 Executing VM operation: ParallelGCFailedAllocation (Allocation Failure)
Event: 230.564 Executing VM operation: ParallelGCFailedAllocation (Allocation Failure) done
Event: 230.963 Executing VM operation: ParallelGCFailedAllocation (Allocation Failure)
Event: 230.964 Executing VM operation: ParallelGCFailedAllocation (Allocation Failure) done
Event: 231.158 Executing VM operation: ParallelGCFailedAllocation (Allocation Failure)
Event: 231.159 Executing VM operation: ParallelGCFailedAllocation (Allocation Failure) done
Event: 231.274 Executing VM operation: ParallelGCFailedAllocation (Allocation Failure)
Event: 231.274 Executing VM operation: ParallelGCFailedAllocation (Allocation Failure) done
Event: 231.388 Executing VM operation: ParallelGCFailedAllocation (Allocation Failure)
Event: 231.389 Executing VM operation: ParallelGCFailedAllocation (Allocation Failure) done
Event: 231.561 Executing VM operation: ParallelGCFailedAllocation (Allocation Failure)
Event: 231.563 Executing VM operation: ParallelGCFailedAllocation (Allocation Failure) done
Event: 232.307 Executing VM operation: ParallelGCFailedAllocation (Allocation Failure)
Event: 232.309 Executing VM operation: ParallelGCFailedAllocation (Allocation Failure) done
Event: 232.614 Executing VM operation: ParallelGCFailedAllocation (Allocation Failure)
Event: 232.616 Executing VM operation: ParallelGCFailedAllocation (Allocation Failure) done

Memory protections (0 events):
No events

Nmethod flushes (20 events):
Event: 24.617 Thread 0x0000013b5a4708b0 flushing  nmethod 0x0000013b5dedcb90
Event: 24.617 Thread 0x0000013b5a4708b0 flushing  nmethod 0x0000013b5df0f710
Event: 24.617 Thread 0x0000013b5a4708b0 flushing  nmethod 0x0000013b5df10290
Event: 24.617 Thread 0x0000013b5a4708b0 flushing  nmethod 0x0000013b5df5a090
Event: 24.617 Thread 0x0000013b5a4708b0 flushing  nmethod 0x0000013b5df5a390
Event: 24.617 Thread 0x0000013b5a4708b0 flushing  nmethod 0x0000013b5df6fc90
Event: 24.617 Thread 0x0000013b5a4708b0 flushing  nmethod 0x0000013b5df70910
Event: 24.617 Thread 0x0000013b5a4708b0 flushing  nmethod 0x0000013b5df7fc10
Event: 24.617 Thread 0x0000013b5a4708b0 flushing  nmethod 0x0000013b5dfb7790
Event: 24.617 Thread 0x0000013b5a4708b0 flushing  nmethod 0x0000013b5dff1c90
Event: 24.617 Thread 0x0000013b5a4708b0 flushing  nmethod 0x0000013b5dff1f90
Event: 24.617 Thread 0x0000013b5a4708b0 flushing  nmethod 0x0000013b5dffe510
Event: 24.617 Thread 0x0000013b5a4708b0 flushing  nmethod 0x0000013b5dfff810
Event: 24.617 Thread 0x0000013b5a4708b0 flushing  nmethod 0x0000013b5dfffd90
Event: 24.617 Thread 0x0000013b5a4708b0 flushing  nmethod 0x0000013b5e002b90
Event: 24.617 Thread 0x0000013b5a4708b0 flushing  nmethod 0x0000013b5e01fa90
Event: 24.617 Thread 0x0000013b5a4708b0 flushing  nmethod 0x0000013b5e023110
Event: 24.617 Thread 0x0000013b5a4708b0 flushing  nmethod 0x0000013b5e040f90
Event: 24.617 Thread 0x0000013b5a4708b0 flushing  nmethod 0x0000013b5e057890
Event: 24.617 Thread 0x0000013b5a4708b0 flushing  nmethod 0x0000013b5e058a10

Events (20 events):
Event: 140.993 Thread 0x0000013b7880a080 Thread added: 0x0000013b78808cd0
Event: 140.993 Thread 0x0000013b7880a080 Thread added: 0x0000013b7880a710
Event: 142.620 Thread 0x0000013b760028f0 Thread added: 0x0000013b78e49f00
Event: 142.917 Thread 0x0000013b78e49f00 Thread exited: 0x0000013b78e49f00
Event: 143.368 Thread 0x0000013b7ad3f080 Thread added: 0x0000013b7880ada0
Event: 143.407 Thread 0x0000013b7880ada0 Thread added: 0x0000013b7880b430
Event: 143.408 Thread 0x0000013b7880ada0 Thread added: 0x0000013b78809360
Event: 143.412 Thread 0x0000013b7880b430 Thread exited: 0x0000013b7880b430
Event: 148.969 Thread 0x0000013b7880ada0 Thread exited: 0x0000013b7880ada0
Event: 148.973 Thread 0x0000013b78809360 Thread exited: 0x0000013b78809360
Event: 197.660 Thread 0x0000013b7ad3e360 Thread exited: 0x0000013b7ad3e360
Event: 200.425 Thread 0x0000013b7ad3e9f0 Thread exited: 0x0000013b7ad3e9f0
Event: 202.087 Thread 0x0000013b7880a710 Thread exited: 0x0000013b7880a710
Event: 202.087 Thread 0x0000013b78808cd0 Thread exited: 0x0000013b78808cd0
Event: 202.105 Thread 0x0000013b7880a080 Thread exited: 0x0000013b7880a080
Event: 229.872 Thread 0x0000013b771e7e50 Thread exited: 0x0000013b771e7e50
Event: 230.074 Thread 0x0000013b7ad3f080 Thread exited: 0x0000013b7ad3f080
Event: 230.123 Thread 0x0000013b5a30db20 Thread added: 0x0000013b78e49f00
Event: 230.764 Thread 0x0000013b78e49f00 Thread exited: 0x0000013b78e49f00
Event: 231.496 Thread 0x0000013b760028f0 Thread added: 0x0000013b78e49f00


Dynamic libraries:
0x00007ff6df590000 - 0x00007ff6df59e000 	c:\Users\SHARK GAMING\.cursor\extensions\redhat.java-1.51.0-win32-x64\jre\21.0.9-win32-x86_64\bin\java.exe
0x00007ffc9f0a0000 - 0x00007ffc9f307000 	C:\WINDOWS\SYSTEM32\ntdll.dll
0x00007ffc9d910000 - 0x00007ffc9d9d9000 	C:\WINDOWS\System32\KERNEL32.DLL
0x00007ffc9c590000 - 0x00007ffc9c97f000 	C:\WINDOWS\System32\KERNELBASE.dll
0x00007ffc9c440000 - 0x00007ffc9c58b000 	C:\WINDOWS\System32\ucrtbase.dll
0x00007ffc738c0000 - 0x00007ffc738d8000 	c:\Users\SHARK GAMING\.cursor\extensions\redhat.java-1.51.0-win32-x64\jre\21.0.9-win32-x86_64\bin\jli.dll
0x00007ffc9cf70000 - 0x00007ffc9d135000 	C:\WINDOWS\System32\USER32.dll
0x00007ffc9c360000 - 0x00007ffc9c387000 	C:\WINDOWS\System32\win32u.dll
0x00007ffc9e2c0000 - 0x00007ffc9e2eb000 	C:\WINDOWS\System32\GDI32.dll
0x00007ffc9ca50000 - 0x00007ffc9cb7c000 	C:\WINDOWS\System32\gdi32full.dll
0x00007ffc9c390000 - 0x00007ffc9c433000 	C:\WINDOWS\System32\msvcp_win.dll
0x00007ffc734c0000 - 0x00007ffc734de000 	c:\Users\SHARK GAMING\.cursor\extensions\redhat.java-1.51.0-win32-x64\jre\21.0.9-win32-x86_64\bin\VCRUNTIME140.dll
0x00007ffc8a550000 - 0x00007ffc8a7e3000 	C:\WINDOWS\WinSxS\amd64_microsoft.windows.common-controls_6595b64144ccf1df_6.0.26100.7309_none_3e05feeae336a044\COMCTL32.dll
0x00007ffc9dc70000 - 0x00007ffc9dd19000 	C:\WINDOWS\System32\msvcrt.dll
0x00007ffc9de30000 - 0x00007ffc9de61000 	C:\WINDOWS\System32\IMM32.DLL
0x00007ffc95130000 - 0x00007ffc9513c000 	c:\Users\SHARK GAMING\.cursor\extensions\redhat.java-1.51.0-win32-x64\jre\21.0.9-win32-x86_64\bin\vcruntime140_1.dll
0x00007ffc63660000 - 0x00007ffc636ed000 	c:\Users\SHARK GAMING\.cursor\extensions\redhat.java-1.51.0-win32-x64\jre\21.0.9-win32-x86_64\bin\msvcp140.dll
0x00007ffc2bb10000 - 0x00007ffc2c8b0000 	c:\Users\SHARK GAMING\.cursor\extensions\redhat.java-1.51.0-win32-x64\jre\21.0.9-win32-x86_64\bin\server\jvm.dll
0x00007ffc9d830000 - 0x00007ffc9d8e4000 	C:\WINDOWS\System32\ADVAPI32.dll
0x00007ffc9e210000 - 0x00007ffc9e2b6000 	C:\WINDOWS\System32\sechost.dll
0x00007ffc9ce40000 - 0x00007ffc9cf58000 	C:\WINDOWS\System32\RPCRT4.dll
0x00007ffc9d320000 - 0x00007ffc9d394000 	C:\WINDOWS\System32\WS2_32.dll
0x00007ffc9c050000 - 0x00007ffc9c0ae000 	C:\WINDOWS\SYSTEM32\POWRPROF.dll
0x00007ffc8ab10000 - 0x00007ffc8ab45000 	C:\WINDOWS\SYSTEM32\WINMM.dll
0x00007ffc94710000 - 0x00007ffc9471b000 	C:\WINDOWS\SYSTEM32\VERSION.dll
0x00007ffc9c030000 - 0x00007ffc9c044000 	C:\WINDOWS\SYSTEM32\UMPDC.dll
0x00007ffc9af60000 - 0x00007ffc9af7b000 	C:\WINDOWS\SYSTEM32\kernel.appcore.dll
0x00007ffc86480000 - 0x00007ffc8648a000 	c:\Users\SHARK GAMING\.cursor\extensions\redhat.java-1.51.0-win32-x64\jre\21.0.9-win32-x86_64\bin\jimage.dll
0x00007ffc8a810000 - 0x00007ffc8aa52000 	C:\WINDOWS\SYSTEM32\DBGHELP.DLL
0x00007ffc9de80000 - 0x00007ffc9e206000 	C:\WINDOWS\System32\combase.dll
0x00007ffc9dd50000 - 0x00007ffc9de26000 	C:\WINDOWS\System32\OLEAUT32.dll
0x00007ffc87070000 - 0x00007ffc870ac000 	C:\WINDOWS\SYSTEM32\dbgcore.DLL
0x00007ffc9cd90000 - 0x00007ffc9ce35000 	C:\WINDOWS\System32\bcryptPrimitives.dll
0x00007ffc95eb0000 - 0x00007ffc95ebf000 	c:\Users\SHARK GAMING\.cursor\extensions\redhat.java-1.51.0-win32-x64\jre\21.0.9-win32-x86_64\bin\instrument.dll
0x00007ffc690d0000 - 0x00007ffc690f0000 	c:\Users\SHARK GAMING\.cursor\extensions\redhat.java-1.51.0-win32-x64\jre\21.0.9-win32-x86_64\bin\java.dll
0x00007ffc9e2f0000 - 0x00007ffc9ea43000 	C:\WINDOWS\System32\SHELL32.dll
0x00007ffc9c1f0000 - 0x00007ffc9c35a000 	C:\WINDOWS\System32\wintypes.dll
0x00007ffc99dd0000 - 0x00007ffc9a62e000 	C:\WINDOWS\SYSTEM32\windows.storage.dll
0x00007ffc9da50000 - 0x00007ffc9db45000 	C:\WINDOWS\System32\SHCORE.dll
0x00007ffc9d9e0000 - 0x00007ffc9da46000 	C:\WINDOWS\System32\shlwapi.dll
0x00007ffc9c110000 - 0x00007ffc9c139000 	C:\WINDOWS\SYSTEM32\profapi.dll
0x00007ffc67e20000 - 0x00007ffc67e38000 	c:\Users\SHARK GAMING\.cursor\extensions\redhat.java-1.51.0-win32-x64\jre\21.0.9-win32-x86_64\bin\zip.dll
0x00007ffc785b0000 - 0x00007ffc785c0000 	C:\Users\SHARK GAMING\.cursor\extensions\redhat.java-1.51.0-win32-x64\jre\21.0.9-win32-x86_64\bin\net.dll
0x00007ffc94050000 - 0x00007ffc94178000 	C:\WINDOWS\SYSTEM32\WINHTTP.dll
0x00007ffc9b4b0000 - 0x00007ffc9b51b000 	C:\WINDOWS\system32\mswsock.dll
0x00007ffc64650000 - 0x00007ffc64666000 	C:\Users\SHARK GAMING\.cursor\extensions\redhat.java-1.51.0-win32-x64\jre\21.0.9-win32-x86_64\bin\nio.dll
0x00007ffc86c40000 - 0x00007ffc86c50000 	c:\Users\SHARK GAMING\.cursor\extensions\redhat.java-1.51.0-win32-x64\jre\21.0.9-win32-x86_64\bin\verify.dll
0x00007ffc62be0000 - 0x00007ffc62c24000 	C:\Users\SHARK GAMING\AppData\Roaming\Cursor\User\globalStorage\redhat.java\1.51.0\config_win\org.eclipse.equinox.launcher\org.eclipse.equinox.launcher.win32.win32.x86_64_1.2.1400.v20250801-0854\eclipse_11916.dll
0x00007ffc9ee70000 - 0x00007ffc9f007000 	C:\WINDOWS\System32\ole32.dll
0x00007ffc9b8a0000 - 0x00007ffc9b8bb000 	C:\WINDOWS\SYSTEM32\CRYPTSP.dll
0x00007ffc9aec0000 - 0x00007ffc9aefa000 	C:\WINDOWS\system32\rsaenh.dll
0x00007ffc9b560000 - 0x00007ffc9b58b000 	C:\WINDOWS\SYSTEM32\USERENV.dll
0x00007ffc9c0e0000 - 0x00007ffc9c10a000 	C:\WINDOWS\SYSTEM32\bcrypt.dll
0x00007ffc9b700000 - 0x00007ffc9b70c000 	C:\WINDOWS\SYSTEM32\CRYPTBASE.dll
0x00007ffc9a950000 - 0x00007ffc9a984000 	C:\WINDOWS\SYSTEM32\IPHLPAPI.DLL
0x00007ffc9de70000 - 0x00007ffc9de7a000 	C:\WINDOWS\System32\NSI.dll
0x00007ffc58660000 - 0x00007ffc586a9000 	C:\Users\SHARK GAMING\AppData\Local\Temp\jna-1813766378\jna9033883879392590759.dll
0x00007ffc9dc50000 - 0x00007ffc9dc58000 	C:\WINDOWS\System32\PSAPI.DLL
0x00007ffc73380000 - 0x00007ffc7338a000 	C:\Users\SHARK GAMING\.cursor\extensions\redhat.java-1.51.0-win32-x64\jre\21.0.9-win32-x86_64\bin\management.dll
0x00007ffc73350000 - 0x00007ffc7335c000 	C:\Users\SHARK GAMING\.cursor\extensions\redhat.java-1.51.0-win32-x64\jre\21.0.9-win32-x86_64\bin\management_ext.dll
0x00007ffc93fd0000 - 0x00007ffc93fee000 	C:\WINDOWS\SYSTEM32\dhcpcsvc6.DLL
0x00007ffc93f40000 - 0x00007ffc93f63000 	C:\WINDOWS\SYSTEM32\dhcpcsvc.DLL
0x00007ffc64210000 - 0x00007ffc64237000 	C:\Users\SHARK GAMING\.gradle\native\1def1411415f61bf3af743bc5b6707747c0891f09f0c88961ee8f79bc544acac\windows-amd64\native-platform.dll
0x00007ffc71960000 - 0x00007ffc71969000 	C:\Users\SHARK GAMING\.cursor\extensions\redhat.java-1.51.0-win32-x64\jre\21.0.9-win32-x86_64\bin\extnet.dll
0x00007ffc71d60000 - 0x00007ffc71d6e000 	C:\Users\SHARK GAMING\.cursor\extensions\redhat.java-1.51.0-win32-x64\jre\21.0.9-win32-x86_64\bin\sunmscapi.dll
0x00007ffc9cb80000 - 0x00007ffc9ccf7000 	C:\WINDOWS\System32\CRYPT32.dll
0x00007ffc9b9f0000 - 0x00007ffc9ba20000 	C:\WINDOWS\SYSTEM32\ncrypt.dll
0x00007ffc9b9a0000 - 0x00007ffc9b9df000 	C:\WINDOWS\SYSTEM32\NTASN1.dll
0x00007ffc39040000 - 0x00007ffc39048000 	C:\WINDOWS\system32\wshunix.dll
0x00007ffc9a9e0000 - 0x00007ffc9ab0c000 	C:\WINDOWS\SYSTEM32\DNSAPI.dll
0x00007ffc94720000 - 0x00007ffc9472b000 	C:\Windows\System32\rasadhlp.dll
0x00007ffc92450000 - 0x00007ffc924d6000 	C:\WINDOWS\System32\fwpuclnt.dll

JVMTI agents:
c:\Users\SHARK GAMING\.cursor\extensions\redhat.java-1.51.0-win32-x64\lombok\lombok-1.18.39-4050.jar path:c:\Users\SHARK GAMING\.cursor\extensions\redhat.java-1.51.0-win32-x64\jre\21.0.9-win32-x86_64\bin\instrument.dll, loaded, initialized, instrumentlib options:none

dbghelp: loaded successfully - version: 4.0.5 - missing functions: none
symbol engine: initialized successfully - sym options: 0x614 - pdb path: .;c:\Users\SHARK GAMING\.cursor\extensions\redhat.java-1.51.0-win32-x64\jre\21.0.9-win32-x86_64\bin;C:\WINDOWS\SYSTEM32;C:\WINDOWS\WinSxS\amd64_microsoft.windows.common-controls_6595b64144ccf1df_6.0.26100.7309_none_3e05feeae336a044;c:\Users\SHARK GAMING\.cursor\extensions\redhat.java-1.51.0-win32-x64\jre\21.0.9-win32-x86_64\bin\server;C:\Users\SHARK GAMING\AppData\Roaming\Cursor\User\globalStorage\redhat.java\1.51.0\config_win\org.eclipse.equinox.launcher\org.eclipse.equinox.launcher.win32.win32.x86_64_1.2.1400.v20250801-0854;C:\Users\SHARK GAMING\AppData\Local\Temp\jna-1813766378;C:\Users\SHARK GAMING\.gradle\native\1def1411415f61bf3af743bc5b6707747c0891f09f0c88961ee8f79bc544acac\windows-amd64

VM Arguments:
jvm_args: --add-modules=ALL-SYSTEM --add-opens=java.base/java.util=ALL-UNNAMED --add-opens=java.base/java.lang=ALL-UNNAMED --add-opens=java.base/sun.nio.fs=ALL-UNNAMED -Declipse.application=org.eclipse.jdt.ls.core.id1 -Dosgi.bundles.defaultStartLevel=4 -Declipse.product=org.eclipse.jdt.ls.core.product -Djava.import.generatesMetadataFilesAtProjectRoot=false -DDetectVMInstallationsJob.disabled=true -Dfile.encoding=utf8 -XX:+UseParallelGC -XX:GCTimeRatio=4 -XX:AdaptiveSizePolicyWeight=90 -Dsun.zip.disableMemoryMapping=true -Xmx2G -Xms100m -Xlog:disable -javaagent:c:\Users\SHARK GAMING\.cursor\extensions\redhat.java-1.51.0-win32-x64\lombok\lombok-1.18.39-4050.jar -XX:+HeapDumpOnOutOfMemoryError -XX:HeapDumpPath=c:\Users\SHARK GAMING\AppData\Roaming\Cursor\User\workspaceStorage\dc6ebdc13448dbced74e1387565d2f0e\redhat.java -Daether.dependencyCollector.impl=bf 
java_command: c:\Users\SHARK GAMING\.cursor\extensions\redhat.java-1.51.0-win32-x64\server\plugins\org.eclipse.equinox.launcher_1.7.100.v20251111-0406.jar -configuration c:\Users\SHARK GAMING\AppData\Roaming\Cursor\User\globalStorage\redhat.java\1.51.0\config_win -data c:\Users\SHARK GAMING\AppData\Roaming\Cursor\User\workspaceStorage\dc6ebdc13448dbced74e1387565d2f0e\redhat.java\jdt_ws --pipe=\\.\pipe\lsp-207e78e01d82a2e3e158cca37012523c-sock
java_class_path (initial): c:\Users\SHARK GAMING\.cursor\extensions\redhat.java-1.51.0-win32-x64\server\plugins\org.eclipse.equinox.launcher_1.7.100.v20251111-0406.jar
Launcher Type: SUN_STANDARD

[Global flags]
    uintx AdaptiveSizePolicyWeight                 = 90                                        {product} {command line}
     intx CICompilerCount                          = 3                                         {product} {ergonomic}
    uintx GCTimeRatio                              = 4                                         {product} {command line}
     bool HeapDumpOnOutOfMemoryError               = true                                   {manageable} {command line}
    ccstr HeapDumpPath                             = c:\Users\SHARK GAMING\AppData\Roaming\Cursor\User\workspaceStorage\dc6ebdc13448dbced74e1387565d2f0e\redhat.java         {manageable} {command line}
   size_t InitialHeapSize                          = 104857600                                 {product} {command line}
   size_t MaxHeapSize                              = 2147483648                                {product} {command line}
   size_t MaxNewSize                               = 715653120                                 {product} {ergonomic}
   size_t MinHeapDeltaBytes                        = 524288                                    {product} {ergonomic}
   size_t MinHeapSize                              = 104857600                                 {product} {command line}
   size_t NewSize                                  = 34603008                                  {product} {ergonomic}
    uintx NonNMethodCodeHeapSize                   = 5832780                                {pd product} {ergonomic}
    uintx NonProfiledCodeHeapSize                  = 122912730                              {pd product} {ergonomic}
   size_t OldSize                                  = 70254592                                  {product} {ergonomic}
    uintx ProfiledCodeHeapSize                     = 122912730                              {pd product} {ergonomic}
    uintx ReservedCodeCacheSize                    = 251658240                              {pd product} {ergonomic}
     bool SegmentedCodeCache                       = true                                      {product} {ergonomic}
   size_t SoftMaxHeapSize                          = 2147483648                             {manageable} {ergonomic}
     bool UseCompressedOops                        = true                           {product lp64_product} {ergonomic}
     bool UseLargePagesIndividualAllocation        = false                                  {pd product} {ergonomic}
     bool UseParallelGC                            = true                                      {product} {command line}

Logging:
Log output configuration:
 #0: stdout all=off uptime,level,tags foldmultilines=false
 #1: stderr all=off uptime,level,tags foldmultilines=false

Release file:
JAVA_VERSION="21.0.9" 
MODULES="java.base java.compiler java.datatransfer java.xml java.prefs java.desktop java.instrument java.logging java.management java.security.sasl java.naming java.rmi java.management.rmi java.net.http java.scripting java.security.jgss java.transaction.xa java.sql java.sql.rowset java.xml.crypto java.se java.smartcardio jdk.accessibility jdk.internal.jvmstat jdk.attach jdk.charsets jdk.internal.opt jdk.zipfs jdk.compiler jdk.crypto.ec jdk.crypto.cryptoki jdk.crypto.mscapi jdk.dynalink jdk.internal.ed jdk.editpad jdk.hotspot.agent jdk.httpserver jdk.internal.le jdk.internal.vm.ci jdk.internal.vm.compiler jdk.internal.vm.compiler.management jdk.jartool jdk.javadoc jdk.jcmd jdk.management jdk.management.agent jdk.jconsole jdk.jdeps jdk.jdwp.agent jdk.jdi jdk.jfr jdk.jshell jdk.jsobject jdk.jstatd jdk.localedata jdk.management.jfr jdk.naming.dns jdk.naming.rmi jdk.net jdk.nio.mapmode jdk.random jdk.sctp jdk.security.auth jdk.security.jgss jdk.unsupported jdk.unsupported.desktop jdk.xml.dom" 

Environment Variables:
JAVA_HOME=C:\Program Files\Java\jdk-21
PATH=C:\Program Files (x86)\VMware\VMware Player\bin\;c:\Users\SHARK GAMING\AppData\Local\Programs\cursor\resources\app\bin;C:\Program Files\Google\Chrome\Application;C:\Program Files\Common Files\Oracle\Java\javapath;C:\WINDOWS\system32;C:\WINDOWS;C:\WINDOWS\System32\Wbem;C:\WINDOWS\System32\WindowsPowerShell\v1.0\;C:\WINDOWS\System32\OpenSSH\;C:\Program Files\apache-maven-3.9.5\bin;C:\Program Files\gradle-8.4\bin;C:\Program Files\Git\cmd;C:\Users\SHARK GAMING\AppData\Roaming\npm;C:\Program Files\nodejs\;C:\Program Files\Common Files\Oracle\Java\javapath;C:\WINDOWS\system32;C:\WINDOWS;C:\WINDOWS\System32\Wbem;C:\WINDOWS\System32\WindowsPowerShell\v1.0\;C:\WINDOWS\System32\OpenSSH\;C:\Program Files\apache-maven-3.9.5\bin;C:\Program Files\gradle-8.4\bin;C:\Program Files\Git\cmd;C:\Program Files\nodejs\;C:\Users\SHARK GAMING\AppData\Local\Programs\Python\Python312\Scripts\;C:\Users\SHARK GAMING\AppData\Local\Programs\Python\Python312\;C:\Users\SHARK G;C:\Program Files\cursor\resources\app\bin;C:\Program Files\Docker\Docker\resources\bin;C:\Program Files\Amazon\AWSCLIV2\;C:\Program Files\Common Files\Oracle\Java\javapath;C:\WINDOWS\system32;C:\WINDOWS;C:\WINDOWS\System32\Wbem;C:\WINDOWS\System32\WindowsPowerShell\v1.0\;C:\WINDOWS\System32\OpenSSH\;C:\Program Files\apache-maven-3.9.5\bin;C:\Program Files\gradle-8.4\bin;C:\Program Files\Git\cmd;C:\Program Files\Docker\Docker\resources\bin;C:\Program Files\nodejs\;C:\Users\SHARK GAMING\AppData\Local\Programs\Python\Python312\Scripts\;C:\Users\SHARK GAMING\AppData\Local\Programs\Python\Python312\;C:\Users\SHARK GAMING\AppData\Local\Programs\Python\Launcher\;C:\Users\SHARK GAMING\AppData\Local\Microsoft\WindowsApps;;C:\Users\SHARK GAMING\AppData\Local\Programs\Microsoft VS Code\bin;C:\Users;C:\Users\SHARK GAMING\AppData\Local\Microsoft\WindowsApps;C:\Users\SHARK GAMING\AppData\Roaming\npm;C:\Users\SHARK GAMING\AppData\Local\Programs\Windsurf\bin
USERNAME=SHARK GAMING
OS=Windows_NT
PROCESSOR_IDENTIFIER=Intel64 Family 6 Model 158 Stepping 12, GenuineIntel
TMP=C:\Users\SHARKG~1\AppData\Local\Temp
TEMP=C:\Users\SHARKG~1\AppData\Local\Temp




Periodic native trim disabled

---------------  S Y S T E M  ---------------

OS:
 Windows 11 , 64 bit Build 26100 (10.0.26100.7623)
OS uptime: 3 days 21:03 hours
Hyper-V role detected

CPU: total 6 (initial active 6) (6 cores per cpu, 1 threads per core) family 6 model 158 stepping 12 microcode 0xde, cx8, cmov, fxsr, mmx, 3dnowpref, sse, sse2, sse3, ssse3, sse4.1, sse4.2, popcnt, lzcnt, tsc, tscinvbit, avx, avx2, aes, erms, clmul, bmi1, bmi2, rtm, adx, fma, vzeroupper, clflush, clflushopt, hv, rdtscp, f16c
Processor Information for the first 6 processors :
  Max Mhz: 3696, Current Mhz: 3696, Mhz Limit: 3696

Memory: 4k page, system-wide physical 16188M (1417M free)
TotalPageFile size 65340M (AvailPageFile size 6M)
current process WorkingSet (physical memory assigned to process): 376M, peak: 378M
current process commit charge ("private bytes"): 445M, peak: 446M

vm_info: OpenJDK 64-Bit Server VM (21.0.9+10-LTS) for windows-amd64 JRE (21.0.9+10-LTS), built on 2025-10-21T00:00:00Z by "admin" with unknown MS VC++:1942

END.
