#
# There is insufficient memory for the Java Runtime Environment to continue.
# Native memory allocation (malloc) failed to allocate 1086896 bytes. Error detail: Chunk::new
# Possible reasons:
#   The system is out of physical RAM or swap space
#   This process is running with CompressedOops enabled, and the Java Heap may be blocking the growth of the native heap
# Possible solutions:
#   Reduce memory load on the system
#   Increase physical memory or swap space
#   Check if swap backing store is full
#   Decrease Java heap size (-Xmx/-Xms)
#   Decrease number of Java threads
#   Decrease Java thread stack sizes (-Xss)
#   Set larger code cache with -XX:ReservedCodeCacheSize=
#   JVM is running with Unscaled Compressed Oops mode in which the Java heap is
#     placed in the first 4GB address space. The Java Heap base address is the
#     maximum limit for the native heap growth. Please use -XX:HeapBaseMinAddress
#     to set the Java Heap base and to place the Java Heap above 4GB virtual address.
# This output file may be truncated or incomplete.
#
#  Out of Memory Error (arena.cpp:168), pid=30184, tid=24328
#
# JRE version: OpenJDK Runtime Environment Temurin-21.0.9+10 (21.0.9+10) (build 21.0.9+10-LTS)
# Java VM: OpenJDK 64-Bit Server VM Temurin-21.0.9+10 (21.0.9+10-LTS, mixed mode, sharing, tiered, compressed oops, compressed class ptrs, parallel gc, windows-amd64)
# No core dump will be written. Minidumps are not enabled by default on client versions of Windows
#

---------------  S U M M A R Y ------------

Command Line: --add-modules=ALL-SYSTEM --add-opens=java.base/java.util=ALL-UNNAMED --add-opens=java.base/java.lang=ALL-UNNAMED --add-opens=java.base/sun.nio.fs=ALL-UNNAMED -Declipse.application=org.eclipse.jdt.ls.core.id1 -Dosgi.bundles.defaultStartLevel=4 -Declipse.product=org.eclipse.jdt.ls.core.product -Djava.import.generatesMetadataFilesAtProjectRoot=false -DDetectVMInstallationsJob.disabled=true -Dfile.encoding=utf8 -XX:+UseParallelGC -XX:GCTimeRatio=4 -XX:AdaptiveSizePolicyWeight=90 -Dsun.zip.disableMemoryMapping=true -Xmx2G -Xms100m -Xlog:disable -javaagent:c:\Users\SHARK GAMING\.cursor\extensions\redhat.java-1.51.0-win32-x64\lombok\lombok-1.18.39-4050.jar -XX:+HeapDumpOnOutOfMemoryError -XX:HeapDumpPath=c:\Users\SHARK GAMING\AppData\Roaming\Cursor\User\workspaceStorage\dc6ebdc13448dbced74e1387565d2f0e\redhat.java -Daether.dependencyCollector.impl=bf c:\Users\SHARK GAMING\.cursor\extensions\redhat.java-1.51.0-win32-x64\server\plugins\org.eclipse.equinox.launcher_1.7.100.v20251111-0406.jar -configuration c:\Users\SHARK GAMING\AppData\Roaming\Cursor\User\globalStorage\redhat.java\1.51.0\config_win -data c:\Users\SHARK GAMING\AppData\Roaming\Cursor\User\workspaceStorage\dc6ebdc13448dbced74e1387565d2f0e\redhat.java\jdt_ws --pipe=\\.\pipe\lsp-7f78e7635116b367d3709890d73d9309-sock

Host: Intel(R) Core(TM) i5-9600K CPU @ 3.70GHz, 6 cores, 15G,  Windows 11 , 64 bit Build 26100 (10.0.26100.7623)
Time: Sun Jan 18 01:33:51 2026 Eastern Standard Time elapsed time: 168.465029 seconds (0d 0h 2m 48s)

---------------  T H R E A D  ---------------

Current thread (0x00000183ed3c1f50):  JavaThread "C2 CompilerThread1" daemon [_thread_in_native, id=24328, stack(0x0000005574700000,0x0000005574800000) (1024K)]


Current CompileTask:
C2:168465 14514 % !   4       org.eclipse.jdt.internal.core.JarPackageFragmentRoot::computeChildren @ 246 (605 bytes)

Stack: [0x0000005574700000,0x0000005574800000]
Native frames: (J=compiled Java code, j=interpreted, Vv=VM code, C=native code)
V  [jvm.dll+0x6d6e29]
V  [jvm.dll+0x8b4b76]
V  [jvm.dll+0x8b712e]
V  [jvm.dll+0x8b7813]
V  [jvm.dll+0x283d86]
V  [jvm.dll+0xc66ed]
V  [jvm.dll+0xc6c31]
V  [jvm.dll+0x2facee]
V  [jvm.dll+0x5fde44]
V  [jvm.dll+0x255557]
V  [jvm.dll+0x25591d]
V  [jvm.dll+0x24df40]
V  [jvm.dll+0x24b482]
V  [jvm.dll+0x1cb13e]
V  [jvm.dll+0x25b29d]
V  [jvm.dll+0x25982a]
V  [jvm.dll+0x3f7ea6]
V  [jvm.dll+0x85e9ad]
V  [jvm.dll+0x6d565d]
C  [ucrtbase.dll+0x37b0]
C  [KERNEL32.DLL+0x2e8d7]
C  [ntdll.dll+0x8c53c]


---------------  P R O C E S S  ---------------

Threads class SMR info:
_java_thread_list=0x00000183ea0120f0, length=65, elements={
0x000001838a6de200, 0x000001838a79d0f0, 0x00000183e2183710, 0x00000183e2187c20,
0x00000183e21888f0, 0x00000183e2189340, 0x00000183e2189d90, 0x00000183e218cfd0,
0x00000183e3412840, 0x00000183e3608240, 0x00000183e360eb10, 0x00000183e87c84c0,
0x00000183e875da90, 0x00000183e876f550, 0x00000183e876ff80, 0x00000183e8a8f8f0,
0x00000183e8ada150, 0x00000183e892ecc0, 0x00000183e8930700, 0x00000183e892f350,
0x00000183e8930070, 0x00000183e8930d90, 0x00000183e8931420, 0x00000183e8932140,
0x00000183e8931ab0, 0x00000183eb0c36a0, 0x00000183eb0c2980, 0x00000183eb0c4a50,
0x00000183eb0c3d30, 0x00000183eb0c1c60, 0x00000183eb0c5770, 0x00000183eb0c43c0,
0x00000183eb0c50e0, 0x00000183eb0c22f0, 0x00000183eb0c6490, 0x00000183eb0c5e00,
0x00000183eb0c3010, 0x00000183eb0c8bf0, 0x00000183eb0c9280, 0x00000183ea2d14f0,
0x00000183ea2d07d0, 0x00000183ea2d1b80, 0x00000183ea2d28a0, 0x00000183ea2d0e60,
0x00000183eb0c71b0, 0x00000183eb0c6b20, 0x00000183ec1e8460, 0x00000183ec1ea530,
0x00000183ec1e9ea0, 0x00000183ec1eabc0, 0x00000183ec1e7dd0, 0x00000183ea3f55f0,
0x00000183ea3f7d50, 0x00000183ea3f7030, 0x00000183ea3f76c0, 0x00000183ea3f4f60,
0x00000183ea3f5c80, 0x00000183ea3f9100, 0x00000183ea3f6310, 0x00000183ea3f9790,
0x00000183ea3f9e20, 0x00000183ea3f69a0, 0x00000183ea3fa4b0, 0x00000183ea3fb860,
0x00000183ed3c1f50
}

Java Threads: ( => current thread )
  0x000001838a6de200 JavaThread "main"                              [_thread_blocked, id=38180, stack(0x0000005572700000,0x0000005572800000) (1024K)]
  0x000001838a79d0f0 JavaThread "Reference Handler"          daemon [_thread_blocked, id=33260, stack(0x0000005572b00000,0x0000005572c00000) (1024K)]
  0x00000183e2183710 JavaThread "Finalizer"                  daemon [_thread_blocked, id=33764, stack(0x0000005572c00000,0x0000005572d00000) (1024K)]
  0x00000183e2187c20 JavaThread "Signal Dispatcher"          daemon [_thread_blocked, id=9644, stack(0x0000005572d00000,0x0000005572e00000) (1024K)]
  0x00000183e21888f0 JavaThread "Attach Listener"            daemon [_thread_blocked, id=8884, stack(0x0000005572e00000,0x0000005572f00000) (1024K)]
  0x00000183e2189340 JavaThread "Service Thread"             daemon [_thread_blocked, id=27256, stack(0x0000005572f00000,0x0000005573000000) (1024K)]
  0x00000183e2189d90 JavaThread "Monitor Deflation Thread"   daemon [_thread_blocked, id=33548, stack(0x0000005573000000,0x0000005573100000) (1024K)]
  0x00000183e218cfd0 JavaThread "C2 CompilerThread0"         daemon [_thread_blocked, id=22620, stack(0x0000005573100000,0x0000005573200000) (1024K)]
  0x00000183e3412840 JavaThread "C1 CompilerThread0"         daemon [_thread_blocked, id=16416, stack(0x0000005573200000,0x0000005573300000) (1024K)]
  0x00000183e3608240 JavaThread "Common-Cleaner"             daemon [_thread_blocked, id=32864, stack(0x0000005573300000,0x0000005573400000) (1024K)]
  0x00000183e360eb10 JavaThread "Notification Thread"        daemon [_thread_blocked, id=7732, stack(0x0000005573400000,0x0000005573500000) (1024K)]
  0x00000183e87c84c0 JavaThread "Active Thread: Equinox Container: 970355b0-86e3-4683-948a-fad5d40d2413"        [_thread_blocked, id=23156, stack(0x0000005573b00000,0x0000005573c00000) (1024K)]
  0x00000183e875da90 JavaThread "Refresh Thread: Equinox Container: 970355b0-86e3-4683-948a-fad5d40d2413" daemon [_thread_blocked, id=28516, stack(0x0000005573500000,0x0000005573600000) (1024K)]
  0x00000183e876f550 JavaThread "Framework Event Dispatcher: Equinox Container: 970355b0-86e3-4683-948a-fad5d40d2413" daemon [_thread_blocked, id=38620, stack(0x0000005573c00000,0x0000005573d00000) (1024K)]
  0x00000183e876ff80 JavaThread "Start Level: Equinox Container: 970355b0-86e3-4683-948a-fad5d40d2413" daemon [_thread_blocked, id=13240, stack(0x0000005573d00000,0x0000005573e00000) (1024K)]
  0x00000183e8a8f8f0 JavaThread "Bundle File Closer"         daemon [_thread_blocked, id=37772, stack(0x0000005573f00000,0x0000005574000000) (1024K)]
  0x00000183e8ada150 JavaThread "SCR Component Actor"        daemon [_thread_blocked, id=37760, stack(0x0000005573e00000,0x0000005573f00000) (1024K)]
  0x00000183e892ecc0 JavaThread "Worker-JM"                         [_thread_blocked, id=21120, stack(0x0000005574100000,0x0000005574200000) (1024K)]
  0x00000183e8930700 JavaThread "JNA Cleaner"                daemon [_thread_blocked, id=16208, stack(0x0000005574200000,0x0000005574300000) (1024K)]
  0x00000183e892f350 JavaThread "Worker-0"                          [_thread_blocked, id=33408, stack(0x0000005574300000,0x0000005574400000) (1024K)]
  0x00000183e8930070 JavaThread "Java indexing"              daemon [_thread_blocked, id=30932, stack(0x0000005574500000,0x0000005574600000) (1024K)]
  0x00000183e8930d90 JavaThread "Worker-2"                          [_thread_blocked, id=34812, stack(0x0000005574600000,0x0000005574700000) (1024K)]
  0x00000183e8931420 JavaThread "Worker-3: Initialize workspace"        [_thread_in_native, id=33440, stack(0x0000005574900000,0x0000005574a00000) (1024K)]
  0x00000183e8932140 JavaThread "Worker-4"                          [_thread_blocked, id=38140, stack(0x0000005574a00000,0x0000005574b00000) (1024K)]
  0x00000183e8931ab0 JavaThread "Thread-1"                   daemon [_thread_in_native, id=31172, stack(0x0000005574b00000,0x0000005574c00000) (1024K)]
  0x00000183eb0c36a0 JavaThread "Thread-2"                   daemon [_thread_in_native, id=27580, stack(0x0000005574c00000,0x0000005574d00000) (1024K)]
  0x00000183eb0c2980 JavaThread "Thread-3"                   daemon [_thread_in_native, id=31500, stack(0x0000005574d00000,0x0000005574e00000) (1024K)]
  0x00000183eb0c4a50 JavaThread "Thread-4"                   daemon [_thread_in_native, id=23692, stack(0x0000005574e00000,0x0000005574f00000) (1024K)]
  0x00000183eb0c3d30 JavaThread "Thread-5"                   daemon [_thread_in_native, id=11020, stack(0x0000005574f00000,0x0000005575000000) (1024K)]
  0x00000183eb0c1c60 JavaThread "Thread-6"                   daemon [_thread_in_native, id=29684, stack(0x0000005575000000,0x0000005575100000) (1024K)]
  0x00000183eb0c5770 JavaThread "Thread-7"                   daemon [_thread_in_native, id=5212, stack(0x0000005575100000,0x0000005575200000) (1024K)]
  0x00000183eb0c43c0 JavaThread "pool-2-thread-1"                   [_thread_blocked, id=19108, stack(0x0000005575200000,0x0000005575300000) (1024K)]
  0x00000183eb0c50e0 JavaThread "Timer-0"                           [_thread_blocked, id=38888, stack(0x0000005575300000,0x0000005575400000) (1024K)]
  0x00000183eb0c22f0 JavaThread "Timer-1"                           [_thread_blocked, id=32164, stack(0x0000005575400000,0x0000005575500000) (1024K)]
  0x00000183eb0c6490 JavaThread "Timer-2"                           [_thread_blocked, id=37244, stack(0x0000005575500000,0x0000005575600000) (1024K)]
  0x00000183eb0c5e00 JavaThread "Timer-3"                           [_thread_blocked, id=29572, stack(0x0000005575600000,0x0000005575700000) (1024K)]
  0x00000183eb0c3010 JavaThread "Worker-5"                          [_thread_blocked, id=32336, stack(0x0000005575700000,0x0000005575800000) (1024K)]
  0x00000183eb0c8bf0 JavaThread "WorkspaceEventsHandler"            [_thread_blocked, id=31316, stack(0x0000005575800000,0x0000005575900000) (1024K)]
  0x00000183eb0c9280 JavaThread "pool-1-thread-1"                   [_thread_blocked, id=9580, stack(0x0000005575900000,0x0000005575a00000) (1024K)]
  0x00000183ea2d14f0 JavaThread "ForkJoinPool.commonPool-worker-1" daemon [_thread_blocked, id=28744, stack(0x0000005575c00000,0x0000005575d00000) (1024K)]
  0x00000183ea2d07d0 JavaThread "ForkJoinPool.commonPool-worker-2" daemon [_thread_blocked, id=26148, stack(0x0000005575d00000,0x0000005575e00000) (1024K)]
  0x00000183ea2d1b80 JavaThread "ForkJoinPool.commonPool-worker-4" daemon [_thread_blocked, id=15316, stack(0x0000005575e00000,0x0000005575f00000) (1024K)]
  0x00000183ea2d28a0 JavaThread "ForkJoinPool.commonPool-worker-5" daemon [_thread_blocked, id=33812, stack(0x0000005576000000,0x0000005576100000) (1024K)]
  0x00000183ea2d0e60 JavaThread "Timer-4"                           [_thread_blocked, id=15212, stack(0x0000005575a00000,0x0000005575b00000) (1024K)]
  0x00000183eb0c71b0 JavaThread "Timer-5"                           [_thread_blocked, id=9548, stack(0x0000005575b00000,0x0000005575c00000) (1024K)]
  0x00000183eb0c6b20 JavaThread "Timer-6"                           [_thread_blocked, id=25952, stack(0x0000005576100000,0x0000005576200000) (1024K)]
  0x00000183ec1e8460 JavaThread "Timer-7"                           [_thread_blocked, id=19484, stack(0x0000005576200000,0x0000005576300000) (1024K)]
  0x00000183ec1ea530 JavaThread "Timer-8"                           [_thread_blocked, id=34900, stack(0x0000005576300000,0x0000005576400000) (1024K)]
  0x00000183ec1e9ea0 JavaThread "Timer-9"                           [_thread_blocked, id=5016, stack(0x0000005576500000,0x0000005576600000) (1024K)]
  0x00000183ec1eabc0 JavaThread "Timer-10"                          [_thread_blocked, id=33228, stack(0x0000005576600000,0x0000005576700000) (1024K)]
  0x00000183ec1e7dd0 JavaThread "Timer-11"                          [_thread_blocked, id=1544, stack(0x0000005574000000,0x0000005574100000) (1024K)]
  0x00000183ea3f55f0 JavaThread "Timer-12"                          [_thread_blocked, id=31852, stack(0x0000005576700000,0x0000005576800000) (1024K)]
  0x00000183ea3f7d50 JavaThread "Timer-13"                          [_thread_blocked, id=25224, stack(0x0000005576800000,0x0000005576900000) (1024K)]
  0x00000183ea3f7030 JavaThread "Timer-14"                          [_thread_blocked, id=34896, stack(0x0000005576900000,0x0000005576a00000) (1024K)]
  0x00000183ea3f76c0 JavaThread "Timer-15"                          [_thread_blocked, id=33800, stack(0x0000005572600000,0x0000005572700000) (1024K)]
  0x00000183ea3f4f60 JavaThread "Timer-16"                          [_thread_blocked, id=8696, stack(0x0000005572500000,0x0000005572600000) (1024K)]
  0x00000183ea3f5c80 JavaThread "Timer-17"                          [_thread_blocked, id=38284, stack(0x0000005575f00000,0x0000005576000000) (1024K)]
  0x00000183ea3f9100 JavaThread "Timer-18"                          [_thread_blocked, id=35600, stack(0x0000005576a00000,0x0000005576b00000) (1024K)]
  0x00000183ea3f6310 JavaThread "Timer-19"                          [_thread_blocked, id=1976, stack(0x0000005576c00000,0x0000005576d00000) (1024K)]
  0x00000183ea3f9790 JavaThread "Timer-20"                          [_thread_blocked, id=38864, stack(0x0000005576e00000,0x0000005576f00000) (1024K)]
  0x00000183ea3f9e20 JavaThread "Timer-21"                          [_thread_blocked, id=7852, stack(0x0000005576f00000,0x0000005577000000) (1024K)]
  0x00000183ea3f69a0 JavaThread "Timer-22"                          [_thread_blocked, id=25012, stack(0x0000005576d00000,0x0000005576e00000) (1024K)]
  0x00000183ea3fa4b0 JavaThread "Timer-23"                          [_thread_blocked, id=37148, stack(0x0000005577000000,0x0000005577100000) (1024K)]
  0x00000183ea3fb860 JavaThread "ForkJoinPool.commonPool-worker-6" daemon [_thread_blocked, id=28212, stack(0x0000005574400000,0x0000005574500000) (1024K)]
=>0x00000183ed3c1f50 JavaThread "C2 CompilerThread1"         daemon [_thread_in_native, id=24328, stack(0x0000005574700000,0x0000005574800000) (1024K)]
Total: 65

Other Threads:
  0x00000183e2180170 VMThread "VM Thread"                           [id=21452, stack(0x0000005572a00000,0x0000005572b00000) (1024K)]
  0x00000183e20dca00 WatcherThread "VM Periodic Task Thread"        [id=30264, stack(0x0000005572900000,0x0000005572a00000) (1024K)]
  0x000001838a6fda40 WorkerThread "GC Thread#0"                     [id=37780, stack(0x0000005572800000,0x0000005572900000) (1024K)]
  0x00000183e8573a50 WorkerThread "GC Thread#1"                     [id=27884, stack(0x0000005573600000,0x0000005573700000) (1024K)]
  0x00000183e8553250 WorkerThread "GC Thread#2"                     [id=27868, stack(0x0000005573700000,0x0000005573800000) (1024K)]
  0x00000183e85535f0 WorkerThread "GC Thread#3"                     [id=28908, stack(0x0000005573800000,0x0000005573900000) (1024K)]
  0x00000183e83e9bb0 WorkerThread "GC Thread#4"                     [id=38848, stack(0x0000005573900000,0x0000005573a00000) (1024K)]
  0x00000183e83e9f50 WorkerThread "GC Thread#5"                     [id=27312, stack(0x0000005573a00000,0x0000005573b00000) (1024K)]
Total: 8

Threads with active compile tasks:
C2 CompilerThread0  168512 14560  s    4       org.eclipse.jdt.internal.core.JavaModelManager::getInfo (39 bytes)
C2 CompilerThread1  168512 14514 % !   4       org.eclipse.jdt.internal.core.JarPackageFragmentRoot::computeChildren @ 246 (605 bytes)
Total: 2

VM state: not at safepoint (normal execution)

VM Mutex/Monitor currently owned by a thread: None

Heap address: 0x0000000080000000, size: 2048 MB, Compressed Oops mode: 32-bit

CDS archive(s) mapped at: [0x00000183a1000000-0x00000183a1ba0000-0x00000183a1ba0000), size 12189696, SharedBaseAddress: 0x00000183a1000000, ArchiveRelocationMode: 1.
Compressed class space mapped at: 0x00000183a2000000-0x00000183e2000000, reserved size: 1073741824
Narrow klass base: 0x00000183a1000000, Narrow klass shift: 0, Narrow klass range: 0x100000000

GC Precious Log:
 CardTable entry size: 512
 CPUs: 6 total, 6 available
 Memory: 16188M
 Large Page Support: Disabled
 NUMA Support: Disabled
 Compressed Oops: Enabled (32-bit)
 Alignments: Space 512K, Generation 512K, Heap 2M
 Heap Min Capacity: 100M
 Heap Initial Capacity: 100M
 Heap Max Capacity: 2G
 Pre-touch: Disabled
 Parallel Workers: 6

Heap:
 PSYoungGen      total 4096K, used 3605K [0x00000000d5580000, 0x00000000d5a80000, 0x0000000100000000)
  eden space 3584K, 99% used [0x00000000d5580000,0x00000000d58f7160,0x00000000d5900000)
  from space 512K, 25% used [0x00000000d5980000,0x00000000d59a0000,0x00000000d5a00000)
  to   space 512K, 0% used [0x00000000d5a00000,0x00000000d5a00000,0x00000000d5a80000)
 ParOldGen       total 222720K, used 222310K [0x0000000080000000, 0x000000008d980000, 0x00000000d5580000)
  object space 222720K, 99% used [0x0000000080000000,0x000000008d919810,0x000000008d980000)
 Metaspace       used 77430K, committed 79104K, reserved 1179648K
  class space    used 9440K, committed 10240K, reserved 1048576K

Card table byte_map: [0x000001838a090000,0x000001838a4a0000] _byte_map_base: 0x0000018389c90000

Marking Bits: (ParMarkBitMap*) 0x00007ffc2c7d2460
 Begin Bits: [0x000001839cb90000, 0x000001839eb90000)
 End Bits:   [0x000001839eb90000, 0x00000183a0b90000)

Polling page: 0x0000018388a60000

Metaspace:

Usage:
  Non-class:     66.40 MB used.
      Class:      9.22 MB used.
       Both:     75.62 MB used.

Virtual space:
  Non-class space:      128.00 MB reserved,      67.25 MB ( 53%) committed,  2 nodes.
      Class space:        1.00 GB reserved,      10.00 MB ( <1%) committed,  1 nodes.
             Both:        1.12 GB reserved,      77.25 MB (  7%) committed. 

Chunk freelists:
   Non-Class:  11.95 MB
       Class:  5.83 MB
        Both:  17.78 MB

MaxMetaspaceSize: unlimited
CompressedClassSpaceSize: 1.00 GB
Initial GC threshold: 21.00 MB
Current GC threshold: 97.31 MB
CDS: on
 - commit_granule_bytes: 65536.
 - commit_granule_words: 8192.
 - virtual_space_node_default_size: 8388608.
 - enlarge_chunks_in_place: 1.
 - use_allocation_guard: 0.


Internal statistics:

num_allocs_failed_limit: 9.
num_arena_births: 1620.
num_arena_deaths: 14.
num_vsnodes_births: 3.
num_vsnodes_deaths: 0.
num_space_committed: 1236.
num_space_uncommitted: 0.
num_chunks_returned_to_freelist: 23.
num_chunks_taken_from_freelist: 5137.
num_chunk_merges: 12.
num_chunk_splits: 3173.
num_chunks_enlarged: 1786.
num_inconsistent_stats: 0.

CodeHeap 'non-profiled nmethods': size=120000Kb used=11605Kb max_used=11605Kb free=108394Kb
 bounds [0x00000183953b0000, 0x0000018395f10000, 0x000001839c8e0000]
CodeHeap 'profiled nmethods': size=120000Kb used=29778Kb max_used=29778Kb free=90221Kb
 bounds [0x000001838d8e0000, 0x000001838f600000, 0x0000018394e10000]
CodeHeap 'non-nmethods': size=5760Kb used=1449Kb max_used=1500Kb free=4310Kb
 bounds [0x0000018394e10000, 0x0000018395080000, 0x00000183953b0000]
CodeCache: size=245760Kb, used=42832Kb, max_used=42883Kb, free=202925Kb
 total_blobs=14461, nmethods=13699, adapters=668, full_count=0
Compilation: enabled, stopped_count=0, restarted_count=0

Compilation events (20 events):
Event: 168.384 Thread 0x00000183e3412840 nmethod 14548 0x000001838f5f0d90 code [0x000001838f5f0fe0, 0x000001838f5f1a78]
Event: 168.386 Thread 0x00000183e218cfd0 nmethod 14516 0x0000018395f01c90 code [0x0000018395f01e20, 0x0000018395f02028]
Event: 168.386 Thread 0x00000183e218cfd0 14530       4       org.eclipse.jdt.internal.core.JavaElement::hashCode (28 bytes)
Event: 168.387 Thread 0x00000183e218cfd0 nmethod 14530 0x0000018395f02110 code [0x0000018395f022a0, 0x0000018395f02378]
Event: 168.387 Thread 0x00000183e218cfd0 14531       4       org.eclipse.jdt.internal.core.JavaElement::getJavaProject (5 bytes)
Event: 168.387 Thread 0x00000183e218cfd0 nmethod 14531 0x0000018395f02410 code [0x0000018395f025a0, 0x0000018395f02650]
Event: 168.387 Thread 0x00000183e218cfd0 14549       4       org.eclipse.jdt.internal.compiler.parser.ScannerHelper::toLowerCase (42 bytes)
Event: 168.389 Thread 0x00000183e218cfd0 nmethod 14549 0x0000018395f02710 code [0x0000018395f028a0, 0x0000018395f02a30]
Event: 168.396 Thread 0x00000183e3412840 14550       3       org.eclipse.jdt.internal.core.Openable::resource (28 bytes)
Event: 168.396 Thread 0x00000183e3412840 nmethod 14550 0x000001838f5f1f10 code [0x000001838f5f2140, 0x000001838f5f2b68]
Event: 168.412 Thread 0x00000183e3412840 14551   !   3       org.eclipse.jdt.internal.core.util.DeduplicationUtil::intern (28 bytes)
Event: 168.413 Thread 0x00000183e3412840 nmethod 14551 0x000001838f5f2e10 code [0x000001838f5f2fe0, 0x000001838f5f3380]
Event: 168.453 Thread 0x00000183e3412840 14552       1       org.eclipse.jdt.internal.core.SingleTypeRequestor::getType (5 bytes)
Event: 168.453 Thread 0x00000183e3412840 nmethod 14552 0x0000018395f02b90 code [0x0000018395f02d20, 0x0000018395f02de8]
Event: 168.454 Thread 0x00000183e3412840 14553       1       org.eclipse.jdt.internal.core.JarPackageFragmentRoot::internalKind (2 bytes)
Event: 168.454 Thread 0x00000183e3412840 nmethod 14553 0x0000018395f02e90 code [0x0000018395f03020, 0x0000018395f030e8]
Event: 168.454 Thread 0x00000183e3412840 14554       1       org.eclipse.jdt.internal.core.ClassFile::getTypeName (5 bytes)
Event: 168.454 Thread 0x00000183e3412840 nmethod 14554 0x0000018395f03190 code [0x0000018395f03320, 0x0000018395f033e8]
Event: 168.454 Thread 0x00000183e3412840 14555       1       org.eclipse.jdt.internal.core.BinaryType::getElementType (3 bytes)
Event: 168.454 Thread 0x00000183e3412840 nmethod 14555 0x0000018395f03490 code [0x0000018395f03620, 0x0000018395f036e8]

GC Heap History (20 events):
Event: 168.239 GC heap before
{Heap before GC invocations=1086 (full 3):
 PSYoungGen      total 4096K, used 3776K [0x00000000d5580000, 0x00000000d5a80000, 0x0000000100000000)
  eden space 3584K, 100% used [0x00000000d5580000,0x00000000d5900000,0x00000000d5900000)
  from space 512K, 37% used [0x00000000d5a00000,0x00000000d5a30000,0x00000000d5a80000)
  to   space 512K, 0% used [0x00000000d5980000,0x00000000d5980000,0x00000000d5a00000)
 ParOldGen       total 221696K, used 221424K [0x0000000080000000, 0x000000008d880000, 0x00000000d5580000)
  object space 221696K, 99% used [0x0000000080000000,0x000000008d83c3a8,0x000000008d880000)
 Metaspace       used 77335K, committed 79040K, reserved 1179648K
  class space    used 9429K, committed 10240K, reserved 1048576K
}
Event: 168.240 GC heap after
{Heap after GC invocations=1086 (full 3):
 PSYoungGen      total 4096K, used 288K [0x00000000d5580000, 0x00000000d5a80000, 0x0000000100000000)
  eden space 3584K, 0% used [0x00000000d5580000,0x00000000d5580000,0x00000000d5900000)
  from space 512K, 56% used [0x00000000d5980000,0x00000000d59c8048,0x00000000d5a00000)
  to   space 512K, 0% used [0x00000000d5a00000,0x00000000d5a00000,0x00000000d5a80000)
 ParOldGen       total 221696K, used 221464K [0x0000000080000000, 0x000000008d880000, 0x00000000d5580000)
  object space 221696K, 99% used [0x0000000080000000,0x000000008d8463a8,0x000000008d880000)
 Metaspace       used 77335K, committed 79040K, reserved 1179648K
  class space    used 9429K, committed 10240K, reserved 1048576K
}
Event: 168.252 GC heap before
{Heap before GC invocations=1087 (full 3):
 PSYoungGen      total 4096K, used 3872K [0x00000000d5580000, 0x00000000d5a80000, 0x0000000100000000)
  eden space 3584K, 100% used [0x00000000d5580000,0x00000000d5900000,0x00000000d5900000)
  from space 512K, 56% used [0x00000000d5980000,0x00000000d59c8048,0x00000000d5a00000)
  to   space 512K, 0% used [0x00000000d5a00000,0x00000000d5a00000,0x00000000d5a80000)
 ParOldGen       total 221696K, used 221464K [0x0000000080000000, 0x000000008d880000, 0x00000000d5580000)
  object space 221696K, 99% used [0x0000000080000000,0x000000008d8463a8,0x000000008d880000)
 Metaspace       used 77341K, committed 79040K, reserved 1179648K
  class space    used 9429K, committed 10240K, reserved 1048576K
}
Event: 168.254 GC heap after
{Heap after GC invocations=1087 (full 3):
 PSYoungGen      total 4096K, used 224K [0x00000000d5580000, 0x00000000d5a80000, 0x0000000100000000)
  eden space 3584K, 0% used [0x00000000d5580000,0x00000000d5580000,0x00000000d5900000)
  from space 512K, 43% used [0x00000000d5a00000,0x00000000d5a38000,0x00000000d5a80000)
  to   space 512K, 0% used [0x00000000d5980000,0x00000000d5980000,0x00000000d5a00000)
 ParOldGen       total 221696K, used 221512K [0x0000000080000000, 0x000000008d880000, 0x00000000d5580000)
  object space 221696K, 99% used [0x0000000080000000,0x000000008d8523a8,0x000000008d880000)
 Metaspace       used 77341K, committed 79040K, reserved 1179648K
  class space    used 9429K, committed 10240K, reserved 1048576K
}
Event: 168.264 GC heap before
{Heap before GC invocations=1088 (full 3):
 PSYoungGen      total 4096K, used 3808K [0x00000000d5580000, 0x00000000d5a80000, 0x0000000100000000)
  eden space 3584K, 100% used [0x00000000d5580000,0x00000000d5900000,0x00000000d5900000)
  from space 512K, 43% used [0x00000000d5a00000,0x00000000d5a38000,0x00000000d5a80000)
  to   space 512K, 0% used [0x00000000d5980000,0x00000000d5980000,0x00000000d5a00000)
 ParOldGen       total 221696K, used 221512K [0x0000000080000000, 0x000000008d880000, 0x00000000d5580000)
  object space 221696K, 99% used [0x0000000080000000,0x000000008d8523a8,0x000000008d880000)
 Metaspace       used 77341K, committed 79040K, reserved 1179648K
  class space    used 9429K, committed 10240K, reserved 1048576K
}
Event: 168.265 GC heap after
{Heap after GC invocations=1088 (full 3):
 PSYoungGen      total 4096K, used 459K [0x00000000d5580000, 0x00000000d5a80000, 0x0000000100000000)
  eden space 3584K, 0% used [0x00000000d5580000,0x00000000d5580000,0x00000000d5900000)
  from space 512K, 89% used [0x00000000d5980000,0x00000000d59f2e90,0x00000000d5a00000)
  to   space 512K, 0% used [0x00000000d5a00000,0x00000000d5a00000,0x00000000d5a80000)
 ParOldGen       total 221696K, used 221560K [0x0000000080000000, 0x000000008d880000, 0x00000000d5580000)
  object space 221696K, 99% used [0x0000000080000000,0x000000008d85e3a8,0x000000008d880000)
 Metaspace       used 77341K, committed 79040K, reserved 1179648K
  class space    used 9429K, committed 10240K, reserved 1048576K
}
Event: 168.271 GC heap before
{Heap before GC invocations=1089 (full 3):
 PSYoungGen      total 4096K, used 4043K [0x00000000d5580000, 0x00000000d5a80000, 0x0000000100000000)
  eden space 3584K, 100% used [0x00000000d5580000,0x00000000d5900000,0x00000000d5900000)
  from space 512K, 89% used [0x00000000d5980000,0x00000000d59f2e90,0x00000000d5a00000)
  to   space 512K, 0% used [0x00000000d5a00000,0x00000000d5a00000,0x00000000d5a80000)
 ParOldGen       total 221696K, used 221560K [0x0000000080000000, 0x000000008d880000, 0x00000000d5580000)
  object space 221696K, 99% used [0x0000000080000000,0x000000008d85e3a8,0x000000008d880000)
 Metaspace       used 77341K, committed 79040K, reserved 1179648K
  class space    used 9429K, committed 10240K, reserved 1048576K
}
Event: 168.272 GC heap after
{Heap after GC invocations=1089 (full 3):
 PSYoungGen      total 4096K, used 128K [0x00000000d5580000, 0x00000000d5a80000, 0x0000000100000000)
  eden space 3584K, 0% used [0x00000000d5580000,0x00000000d5580000,0x00000000d5900000)
  from space 512K, 25% used [0x00000000d5a00000,0x00000000d5a20000,0x00000000d5a80000)
  to   space 512K, 0% used [0x00000000d5980000,0x00000000d5980000,0x00000000d5a00000)
 ParOldGen       total 222208K, used 221921K [0x0000000080000000, 0x000000008d900000, 0x00000000d5580000)
  object space 222208K, 99% used [0x0000000080000000,0x000000008d8b84b8,0x000000008d900000)
 Metaspace       used 77341K, committed 79040K, reserved 1179648K
  class space    used 9429K, committed 10240K, reserved 1048576K
}
Event: 168.277 GC heap before
{Heap before GC invocations=1090 (full 3):
 PSYoungGen      total 4096K, used 3712K [0x00000000d5580000, 0x00000000d5a80000, 0x0000000100000000)
  eden space 3584K, 100% used [0x00000000d5580000,0x00000000d5900000,0x00000000d5900000)
  from space 512K, 25% used [0x00000000d5a00000,0x00000000d5a20000,0x00000000d5a80000)
  to   space 512K, 0% used [0x00000000d5980000,0x00000000d5980000,0x00000000d5a00000)
 ParOldGen       total 222208K, used 221921K [0x0000000080000000, 0x000000008d900000, 0x00000000d5580000)
  object space 222208K, 99% used [0x0000000080000000,0x000000008d8b84b8,0x000000008d900000)
 Metaspace       used 77341K, committed 79040K, reserved 1179648K
  class space    used 9429K, committed 10240K, reserved 1048576K
}
Event: 168.278 GC heap after
{Heap after GC invocations=1090 (full 3):
 PSYoungGen      total 4096K, used 128K [0x00000000d5580000, 0x00000000d5a80000, 0x0000000100000000)
  eden space 3584K, 0% used [0x00000000d5580000,0x00000000d5580000,0x00000000d5900000)
  from space 512K, 25% used [0x00000000d5980000,0x00000000d59a0000,0x00000000d5a00000)
  to   space 512K, 0% used [0x00000000d5a00000,0x00000000d5a00000,0x00000000d5a80000)
 ParOldGen       total 222208K, used 221990K [0x0000000080000000, 0x000000008d900000, 0x00000000d5580000)
  object space 222208K, 99% used [0x0000000080000000,0x000000008d8c9810,0x000000008d900000)
 Metaspace       used 77341K, committed 79040K, reserved 1179648K
  class space    used 9429K, committed 10240K, reserved 1048576K
}
Event: 168.311 GC heap before
{Heap before GC invocations=1091 (full 3):
 PSYoungGen      total 4096K, used 3712K [0x00000000d5580000, 0x00000000d5a80000, 0x0000000100000000)
  eden space 3584K, 100% used [0x00000000d5580000,0x00000000d5900000,0x00000000d5900000)
  from space 512K, 25% used [0x00000000d5980000,0x00000000d59a0000,0x00000000d5a00000)
  to   space 512K, 0% used [0x00000000d5a00000,0x00000000d5a00000,0x00000000d5a80000)
 ParOldGen       total 222208K, used 221990K [0x0000000080000000, 0x000000008d900000, 0x00000000d5580000)
  object space 222208K, 99% used [0x0000000080000000,0x000000008d8c9810,0x000000008d900000)
 Metaspace       used 77427K, committed 79104K, reserved 1179648K
  class space    used 9440K, committed 10240K, reserved 1048576K
}
Event: 168.313 GC heap after
{Heap after GC invocations=1091 (full 3):
 PSYoungGen      total 4096K, used 192K [0x00000000d5580000, 0x00000000d5a80000, 0x0000000100000000)
  eden space 3584K, 0% used [0x00000000d5580000,0x00000000d5580000,0x00000000d5900000)
  from space 512K, 37% used [0x00000000d5a00000,0x00000000d5a30000,0x00000000d5a80000)
  to   space 512K, 0% used [0x00000000d5980000,0x00000000d5980000,0x00000000d5a00000)
 ParOldGen       total 222208K, used 222062K [0x0000000080000000, 0x000000008d900000, 0x00000000d5580000)
  object space 222208K, 99% used [0x0000000080000000,0x000000008d8db810,0x000000008d900000)
 Metaspace       used 77427K, committed 79104K, reserved 1179648K
  class space    used 9440K, committed 10240K, reserved 1048576K
}
Event: 168.336 GC heap before
{Heap before GC invocations=1092 (full 3):
 PSYoungGen      total 4096K, used 3776K [0x00000000d5580000, 0x00000000d5a80000, 0x0000000100000000)
  eden space 3584K, 100% used [0x00000000d5580000,0x00000000d5900000,0x00000000d5900000)
  from space 512K, 37% used [0x00000000d5a00000,0x00000000d5a30000,0x00000000d5a80000)
  to   space 512K, 0% used [0x00000000d5980000,0x00000000d5980000,0x00000000d5a00000)
 ParOldGen       total 222208K, used 222062K [0x0000000080000000, 0x000000008d900000, 0x00000000d5580000)
  object space 222208K, 99% used [0x0000000080000000,0x000000008d8db810,0x000000008d900000)
 Metaspace       used 77427K, committed 79104K, reserved 1179648K
  class space    used 9440K, committed 10240K, reserved 1048576K
}
Event: 168.338 GC heap after
{Heap after GC invocations=1092 (full 3):
 PSYoungGen      total 4096K, used 253K [0x00000000d5580000, 0x00000000d5a80000, 0x0000000100000000)
  eden space 3584K, 0% used [0x00000000d5580000,0x00000000d5580000,0x00000000d5900000)
  from space 512K, 49% used [0x00000000d5980000,0x00000000d59bf798,0x00000000d5a00000)
  to   space 512K, 0% used [0x00000000d5a00000,0x00000000d5a00000,0x00000000d5a80000)
 ParOldGen       total 222208K, used 222118K [0x0000000080000000, 0x000000008d900000, 0x00000000d5580000)
  object space 222208K, 99% used [0x0000000080000000,0x000000008d8e9810,0x000000008d900000)
 Metaspace       used 77427K, committed 79104K, reserved 1179648K
  class space    used 9440K, committed 10240K, reserved 1048576K
}
Event: 168.355 GC heap before
{Heap before GC invocations=1093 (full 3):
 PSYoungGen      total 4096K, used 3837K [0x00000000d5580000, 0x00000000d5a80000, 0x0000000100000000)
  eden space 3584K, 100% used [0x00000000d5580000,0x00000000d5900000,0x00000000d5900000)
  from space 512K, 49% used [0x00000000d5980000,0x00000000d59bf798,0x00000000d5a00000)
  to   space 512K, 0% used [0x00000000d5a00000,0x00000000d5a00000,0x00000000d5a80000)
 ParOldGen       total 222208K, used 222118K [0x0000000080000000, 0x000000008d900000, 0x00000000d5580000)
  object space 222208K, 99% used [0x0000000080000000,0x000000008d8e9810,0x000000008d900000)
 Metaspace       used 77429K, committed 79104K, reserved 1179648K
  class space    used 9440K, committed 10240K, reserved 1048576K
}
Event: 168.356 GC heap after
{Heap after GC invocations=1093 (full 3):
 PSYoungGen      total 4096K, used 128K [0x00000000d5580000, 0x00000000d5a80000, 0x0000000100000000)
  eden space 3584K, 0% used [0x00000000d5580000,0x00000000d5580000,0x00000000d5900000)
  from space 512K, 25% used [0x00000000d5a00000,0x00000000d5a20000,0x00000000d5a80000)
  to   space 512K, 0% used [0x00000000d5980000,0x00000000d5980000,0x00000000d5a00000)
 ParOldGen       total 222208K, used 222142K [0x0000000080000000, 0x000000008d900000, 0x00000000d5580000)
  object space 222208K, 99% used [0x0000000080000000,0x000000008d8ef810,0x000000008d900000)
 Metaspace       used 77429K, committed 79104K, reserved 1179648K
  class space    used 9440K, committed 10240K, reserved 1048576K
}
Event: 168.433 GC heap before
{Heap before GC invocations=1094 (full 3):
 PSYoungGen      total 4096K, used 3712K [0x00000000d5580000, 0x00000000d5a80000, 0x0000000100000000)
  eden space 3584K, 100% used [0x00000000d5580000,0x00000000d5900000,0x00000000d5900000)
  from space 512K, 25% used [0x00000000d5a00000,0x00000000d5a20000,0x00000000d5a80000)
  to   space 512K, 0% used [0x00000000d5980000,0x00000000d5980000,0x00000000d5a00000)
 ParOldGen       total 222208K, used 222142K [0x0000000080000000, 0x000000008d900000, 0x00000000d5580000)
  object space 222208K, 99% used [0x0000000080000000,0x000000008d8ef810,0x000000008d900000)
 Metaspace       used 77429K, committed 79104K, reserved 1179648K
  class space    used 9440K, committed 10240K, reserved 1048576K
}
Event: 168.434 GC heap after
{Heap after GC invocations=1094 (full 3):
 PSYoungGen      total 4096K, used 218K [0x00000000d5580000, 0x00000000d5a80000, 0x0000000100000000)
  eden space 3584K, 0% used [0x00000000d5580000,0x00000000d5580000,0x00000000d5900000)
  from space 512K, 42% used [0x00000000d5980000,0x00000000d59b6a80,0x00000000d5a00000)
  to   space 512K, 0% used [0x00000000d5a00000,0x00000000d5a00000,0x00000000d5a80000)
 ParOldGen       total 222208K, used 222198K [0x0000000080000000, 0x000000008d900000, 0x00000000d5580000)
  object space 222208K, 99% used [0x0000000080000000,0x000000008d8fd810,0x000000008d900000)
 Metaspace       used 77429K, committed 79104K, reserved 1179648K
  class space    used 9440K, committed 10240K, reserved 1048576K
}
Event: 168.443 GC heap before
{Heap before GC invocations=1095 (full 3):
 PSYoungGen      total 4096K, used 3802K [0x00000000d5580000, 0x00000000d5a80000, 0x0000000100000000)
  eden space 3584K, 100% used [0x00000000d5580000,0x00000000d5900000,0x00000000d5900000)
  from space 512K, 42% used [0x00000000d5980000,0x00000000d59b6a80,0x00000000d5a00000)
  to   space 512K, 0% used [0x00000000d5a00000,0x00000000d5a00000,0x00000000d5a80000)
 ParOldGen       total 222208K, used 222198K [0x0000000080000000, 0x000000008d900000, 0x00000000d5580000)
  object space 222208K, 99% used [0x0000000080000000,0x000000008d8fd810,0x000000008d900000)
 Metaspace       used 77429K, committed 79104K, reserved 1179648K
  class space    used 9440K, committed 10240K, reserved 1048576K
}
Event: 168.444 GC heap after
{Heap after GC invocations=1095 (full 3):
 PSYoungGen      total 4096K, used 289K [0x00000000d5580000, 0x00000000d5a80000, 0x0000000100000000)
  eden space 3584K, 0% used [0x00000000d5580000,0x00000000d5580000,0x00000000d5900000)
  from space 512K, 56% used [0x00000000d5a00000,0x00000000d5a486b0,0x00000000d5a80000)
  to   space 512K, 0% used [0x00000000d5980000,0x00000000d5980000,0x00000000d5a00000)
 ParOldGen       total 222720K, used 222270K [0x0000000080000000, 0x000000008d980000, 0x00000000d5580000)
  object space 222720K, 99% used [0x0000000080000000,0x000000008d90f810,0x000000008d980000)
 Metaspace       used 77429K, committed 79104K, reserved 1179648K
  class space    used 9440K, committed 10240K, reserved 1048576K
}

Dll operation events (15 events):
Event: 0.068 Loaded shared library c:\Users\SHARK GAMING\.cursor\extensions\redhat.java-1.51.0-win32-x64\jre\21.0.9-win32-x86_64\bin\java.dll
Event: 0.532 Loaded shared library c:\Users\SHARK GAMING\.cursor\extensions\redhat.java-1.51.0-win32-x64\jre\21.0.9-win32-x86_64\bin\zip.dll
Event: 0.559 Loaded shared library C:\Users\SHARK GAMING\.cursor\extensions\redhat.java-1.51.0-win32-x64\jre\21.0.9-win32-x86_64\bin\instrument.dll
Event: 0.574 Loaded shared library C:\Users\SHARK GAMING\.cursor\extensions\redhat.java-1.51.0-win32-x64\jre\21.0.9-win32-x86_64\bin\net.dll
Event: 0.577 Loaded shared library C:\Users\SHARK GAMING\.cursor\extensions\redhat.java-1.51.0-win32-x64\jre\21.0.9-win32-x86_64\bin\nio.dll
Event: 0.582 Loaded shared library C:\Users\SHARK GAMING\.cursor\extensions\redhat.java-1.51.0-win32-x64\jre\21.0.9-win32-x86_64\bin\zip.dll
Event: 0.605 Loaded shared library C:\Users\SHARK GAMING\.cursor\extensions\redhat.java-1.51.0-win32-x64\jre\21.0.9-win32-x86_64\bin\jimage.dll
Event: 0.841 Loaded shared library c:\Users\SHARK GAMING\.cursor\extensions\redhat.java-1.51.0-win32-x64\jre\21.0.9-win32-x86_64\bin\verify.dll
Event: 3.619 Loaded shared library C:\Users\SHARK GAMING\AppData\Roaming\Cursor\User\globalStorage\redhat.java\1.51.0\config_win\org.eclipse.equinox.launcher\org.eclipse.equinox.launcher.win32.win32.x86_64_1.2.1400.v20250801-0854\eclipse_11916.dll
Event: 6.997 Loaded shared library C:\Users\SHARK GAMING\AppData\Local\Temp\jna-1813766378\jna13695352917632686008.dll
Event: 9.376 Loaded shared library C:\Users\SHARK GAMING\.cursor\extensions\redhat.java-1.51.0-win32-x64\jre\21.0.9-win32-x86_64\bin\management.dll
Event: 9.381 Loaded shared library C:\Users\SHARK GAMING\.cursor\extensions\redhat.java-1.51.0-win32-x64\jre\21.0.9-win32-x86_64\bin\management_ext.dll
Event: 12.708 Loaded shared library C:\Users\SHARK GAMING\.gradle\native\1def1411415f61bf3af743bc5b6707747c0891f09f0c88961ee8f79bc544acac\windows-amd64\native-platform.dll
Event: 23.132 Loaded shared library C:\Users\SHARK GAMING\.cursor\extensions\redhat.java-1.51.0-win32-x64\jre\21.0.9-win32-x86_64\bin\extnet.dll
Event: 23.778 Loaded shared library C:\Users\SHARK GAMING\.cursor\extensions\redhat.java-1.51.0-win32-x64\jre\21.0.9-win32-x86_64\bin\sunmscapi.dll

Deoptimization events (20 events):
Event: 167.797 Thread 0x00000183e8931420 DEOPT PACKING pc=0x0000018395ea8edc sp=0x00000055749fe5b0
Event: 167.797 Thread 0x00000183e8931420 DEOPT UNPACKING pc=0x0000018394e63aa2 sp=0x00000055749fe4e0 mode 2
Event: 167.962 Thread 0x00000183e8931420 Uncommon trap: trap_request=0xffffff45 fr.pc=0x0000018395ecb4ec relative=0x0000000000000a4c
Event: 167.962 Thread 0x00000183e8931420 Uncommon trap: reason=unstable_if action=reinterpret pc=0x0000018395ecb4ec method=org.eclipse.jdt.internal.core.util.WeakHashSet.cleanupGarbageCollectedValues()V @ 68 c2
Event: 167.962 Thread 0x00000183e8931420 DEOPT PACKING pc=0x0000018395ecb4ec sp=0x00000055749fe630
Event: 167.962 Thread 0x00000183e8931420 DEOPT UNPACKING pc=0x0000018394e63aa2 sp=0x00000055749fe530 mode 2
Event: 168.303 Thread 0x00000183e8931420 Uncommon trap: trap_request=0xffffff45 fr.pc=0x0000018395bf0ce0 relative=0x00000000000005a0
Event: 168.303 Thread 0x00000183e8931420 Uncommon trap: reason=unstable_if action=reinterpret pc=0x0000018395bf0ce0 method=jdk.internal.jimage.ImageStringsReader.stringFromByteBufferMatches(Ljava/nio/ByteBuffer;ILjava/lang/String;I)I @ 59 c2
Event: 168.303 Thread 0x00000183e8931420 DEOPT PACKING pc=0x0000018395bf0ce0 sp=0x00000055749fdce0
Event: 168.303 Thread 0x00000183e8931420 DEOPT UNPACKING pc=0x0000018394e63aa2 sp=0x00000055749fdc58 mode 2
Event: 168.303 Thread 0x00000183e8931420 Uncommon trap: trap_request=0xffffff45 fr.pc=0x0000018395c6cb30 relative=0x0000000000000b10
Event: 168.303 Thread 0x00000183e8931420 Uncommon trap: reason=unstable_if action=reinterpret pc=0x0000018395c6cb30 method=jdk.internal.jrtfs.JrtFileSystem.checkNode(Ljdk/internal/jrtfs/JrtPath;)Ljdk/internal/jimage/ImageReader$Node; @ 16 c2
Event: 168.303 Thread 0x00000183e8931420 DEOPT PACKING pc=0x0000018395c6cb30 sp=0x00000055749fdfd0
Event: 168.303 Thread 0x00000183e8931420 DEOPT UNPACKING pc=0x0000018394e63aa2 sp=0x00000055749fdfd0 mode 2
Event: 168.305 Thread 0x00000183e8931420 Uncommon trap: trap_request=0xffffff45 fr.pc=0x0000018395c0a088 relative=0x0000000000001328
Event: 168.305 Thread 0x00000183e8931420 Uncommon trap: reason=unstable_if action=reinterpret pc=0x0000018395c0a088 method=org.eclipse.jdt.internal.core.util.Util.splitOn(CLjava/lang/String;II)[Ljava/lang/String; @ 16 c2
Event: 168.306 Thread 0x00000183e8931420 DEOPT PACKING pc=0x0000018395c0a088 sp=0x00000055749fe7f0
Event: 168.306 Thread 0x00000183e8931420 DEOPT UNPACKING pc=0x0000018394e63aa2 sp=0x00000055749fe7e0 mode 2
Event: 168.383 Thread 0x00000183e8931420 DEOPT PACKING pc=0x000001838eea0426 sp=0x00000055749fe350
Event: 168.384 Thread 0x00000183e8931420 DEOPT UNPACKING pc=0x0000018394e64242 sp=0x00000055749fd840 mode 0

Classes loaded (20 events):
Event: 137.615 Loading class jdk/internal/jrtfs/JrtFileSystem
Event: 137.616 Loading class jdk/internal/jrtfs/JrtFileSystem done
Event: 137.616 Loading class jdk/internal/jrtfs/JrtPath
Event: 137.616 Loading class jdk/internal/jrtfs/JrtPath done
Event: 137.616 Loading class jdk/internal/jimage/ImageReader$Node
Event: 137.621 Loading class jdk/internal/jimage/ImageReader$Node done
Event: 137.636 Loading class java/nio/ByteBufferAsIntBufferL
Event: 137.636 Loading class java/nio/ByteBufferAsIntBufferL done
Event: 137.651 Loading class jdk/internal/jimage/ImageReader$Directory
Event: 137.654 Loading class jdk/internal/jimage/ImageReader$Directory done
Event: 138.974 Loading class java/nio/channels/Channels$ReadableByteChannelImpl
Event: 138.975 Loading class java/nio/channels/Channels$ReadableByteChannelImpl done
Event: 138.975 Loading class java/nio/channels/NonWritableChannelException
Event: 138.975 Loading class java/nio/channels/NonWritableChannelException done
Event: 152.576 Loading class sun/nio/cs/ISO_8859_1$Decoder
Event: 152.576 Loading class sun/nio/cs/ISO_8859_1$Decoder done
Event: 159.438 Loading class java/lang/invoke/MethodHandleImpl$CountingWrapper$1
Event: 159.440 Loading class java/lang/invoke/MethodHandleImpl$CountingWrapper$1 done
Event: 160.004 Loading class java/util/HashMap$EntrySpliterator
Event: 160.004 Loading class java/util/HashMap$EntrySpliterator done

Classes unloaded (7 events):
Event: 7.948 Thread 0x00000183e2180170 Unloading class 0x00000183a21a8c00 'java/lang/invoke/LambdaForm$MH+0x00000183a21a8c00'
Event: 7.948 Thread 0x00000183e2180170 Unloading class 0x00000183a21a8800 'java/lang/invoke/LambdaForm$MH+0x00000183a21a8800'
Event: 7.948 Thread 0x00000183e2180170 Unloading class 0x00000183a21a8400 'java/lang/invoke/LambdaForm$MH+0x00000183a21a8400'
Event: 7.948 Thread 0x00000183e2180170 Unloading class 0x00000183a21a8000 'java/lang/invoke/LambdaForm$MH+0x00000183a21a8000'
Event: 7.948 Thread 0x00000183e2180170 Unloading class 0x00000183a21a7c00 'java/lang/invoke/LambdaForm$BMH+0x00000183a21a7c00'
Event: 7.948 Thread 0x00000183e2180170 Unloading class 0x00000183a21a7800 'java/lang/invoke/LambdaForm$DMH+0x00000183a21a7800'
Event: 7.948 Thread 0x00000183e2180170 Unloading class 0x00000183a21a6400 'java/lang/invoke/LambdaForm$DMH+0x00000183a21a6400'

Classes redefined (0 events):
No events

Internal exceptions (20 events):
Event: 160.031 Thread 0x00000183e8931420 Exception <a 'sun/nio/fs/WindowsException'{0x00000000d56178a0}> (0x00000000d56178a0) 
thrown [s\src\hotspot\share\prims\jni.cpp, line 520]
Event: 160.032 Thread 0x00000183e8931420 Exception <a 'sun/nio/fs/WindowsException'{0x00000000d5617ed0}> (0x00000000d5617ed0) 
thrown [s\src\hotspot\share\prims\jni.cpp, line 520]
Event: 160.033 Thread 0x00000183e8931420 Exception <a 'sun/nio/fs/WindowsException'{0x00000000d5618968}> (0x00000000d5618968) 
thrown [s\src\hotspot\share\prims\jni.cpp, line 520]
Event: 160.033 Thread 0x00000183e8931420 Exception <a 'sun/nio/fs/WindowsException'{0x00000000d5618f98}> (0x00000000d5618f98) 
thrown [s\src\hotspot\share\prims\jni.cpp, line 520]
Event: 160.042 Thread 0x00000183e8931420 Exception <a 'sun/nio/fs/WindowsException'{0x00000000d56d7f58}> (0x00000000d56d7f58) 
thrown [s\src\hotspot\share\prims\jni.cpp, line 520]
Event: 160.042 Thread 0x00000183e8931420 Exception <a 'sun/nio/fs/WindowsException'{0x00000000d56d8588}> (0x00000000d56d8588) 
thrown [s\src\hotspot\share\prims\jni.cpp, line 520]
Event: 162.118 Thread 0x00000183ecee8df0 Implicit null exception at 0x0000018395da4fa3 to 0x0000018395da4fd4
Event: 162.924 Thread 0x00000183e8931420 Exception <a 'sun/nio/fs/WindowsException'{0x00000000d57b9d08}> (0x00000000d57b9d08) 
thrown [s\src\hotspot\share\prims\jni.cpp, line 520]
Event: 162.925 Thread 0x00000183e8931420 Exception <a 'sun/nio/fs/WindowsException'{0x00000000d57ba5e8}> (0x00000000d57ba5e8) 
thrown [s\src\hotspot\share\prims\jni.cpp, line 520]
Event: 163.894 Thread 0x00000183eb0c3010 Exception <a 'java/io/IOException'{0x00000000d568fb58}> (0x00000000d568fb58) 
thrown [s\src\hotspot\share\prims\jni.cpp, line 520]
Event: 163.894 Thread 0x00000183eb0c3010 Exception <a 'java/io/IOException'{0x00000000d56918b8}> (0x00000000d56918b8) 
thrown [s\src\hotspot\share\prims\jni.cpp, line 520]
Event: 163.896 Thread 0x00000183eb0c3010 Exception <a 'java/io/IOException'{0x00000000d569c2a8}> (0x00000000d569c2a8) 
thrown [s\src\hotspot\share\prims\jni.cpp, line 520]
Event: 163.896 Thread 0x00000183eb0c3010 Exception <a 'java/io/IOException'{0x00000000d56a1220}> (0x00000000d56a1220) 
thrown [s\src\hotspot\share\prims\jni.cpp, line 520]
Event: 163.897 Thread 0x00000183eb0c3010 Exception <a 'java/io/IOException'{0x00000000d56ab818}> (0x00000000d56ab818) 
thrown [s\src\hotspot\share\prims\jni.cpp, line 520]
Event: 163.898 Thread 0x00000183eb0c3010 Exception <a 'java/io/IOException'{0x00000000d56b0e68}> (0x00000000d56b0e68) 
thrown [s\src\hotspot\share\prims\jni.cpp, line 520]
Event: 163.899 Thread 0x00000183eb0c3010 Exception <a 'java/io/IOException'{0x00000000d56badb0}> (0x00000000d56badb0) 
thrown [s\src\hotspot\share\prims\jni.cpp, line 520]
Event: 164.173 Thread 0x00000183e8931420 Implicit null exception at 0x0000018395c33aa6 to 0x0000018395c34044
Event: 164.180 Thread 0x00000183e8931420 Implicit null exception at 0x0000018395c83e03 to 0x0000018395c8435c
Event: 164.438 Thread 0x00000183e8931420 Implicit null exception at 0x0000018395e938a8 to 0x0000018395e9416c
Event: 164.614 Thread 0x00000183e8931420 Implicit null exception at 0x0000018395eba3cb to 0x0000018395ebadb8

ZGC Phase Switch (0 events):
No events

VM Operations (20 events):
Event: 168.252 Executing VM operation: ParallelGCFailedAllocation (Allocation Failure)
Event: 168.254 Executing VM operation: ParallelGCFailedAllocation (Allocation Failure) done
Event: 168.264 Executing VM operation: ParallelGCFailedAllocation (Allocation Failure)
Event: 168.265 Executing VM operation: ParallelGCFailedAllocation (Allocation Failure) done
Event: 168.271 Executing VM operation: ParallelGCFailedAllocation (Allocation Failure)
Event: 168.272 Executing VM operation: ParallelGCFailedAllocation (Allocation Failure) done
Event: 168.277 Executing VM operation: ParallelGCFailedAllocation (Allocation Failure)
Event: 168.278 Executing VM operation: ParallelGCFailedAllocation (Allocation Failure) done
Event: 168.298 Executing VM operation: HandshakeAllThreads (Deoptimize)
Event: 168.298 Executing VM operation: HandshakeAllThreads (Deoptimize) done
Event: 168.311 Executing VM operation: ParallelGCFailedAllocation (Allocation Failure)
Event: 168.313 Executing VM operation: ParallelGCFailedAllocation (Allocation Failure) done
Event: 168.336 Executing VM operation: ParallelGCFailedAllocation (Allocation Failure)
Event: 168.338 Executing VM operation: ParallelGCFailedAllocation (Allocation Failure) done
Event: 168.355 Executing VM operation: ParallelGCFailedAllocation (Allocation Failure)
Event: 168.356 Executing VM operation: ParallelGCFailedAllocation (Allocation Failure) done
Event: 168.433 Executing VM operation: ParallelGCFailedAllocation (Allocation Failure)
Event: 168.434 Executing VM operation: ParallelGCFailedAllocation (Allocation Failure) done
Event: 168.443 Executing VM operation: ParallelGCFailedAllocation (Allocation Failure)
Event: 168.444 Executing VM operation: ParallelGCFailedAllocation (Allocation Failure) done

Memory protections (0 events):
No events

Nmethod flushes (20 events):
Event: 18.744 Thread 0x00000183e2180170 flushing  nmethod 0x000001838e285c10
Event: 18.744 Thread 0x00000183e2180170 flushing  nmethod 0x000001838e286090
Event: 18.744 Thread 0x00000183e2180170 flushing  nmethod 0x000001838e2bef10
Event: 18.744 Thread 0x00000183e2180170 flushing  nmethod 0x000001838e2c0410
Event: 18.744 Thread 0x00000183e2180170 flushing  nmethod 0x000001838e2c1410
Event: 18.744 Thread 0x00000183e2180170 flushing  nmethod 0x000001838e2f1210
Event: 18.744 Thread 0x00000183e2180170 flushing  nmethod 0x000001838e2f1f90
Event: 18.744 Thread 0x00000183e2180170 flushing  nmethod 0x000001838e2f4410
Event: 18.744 Thread 0x00000183e2180170 flushing  nmethod 0x000001838e33d990
Event: 18.744 Thread 0x00000183e2180170 flushing  nmethod 0x000001838e33e490
Event: 18.744 Thread 0x00000183e2180170 flushing  nmethod 0x000001838e33f190
Event: 18.744 Thread 0x00000183e2180170 flushing  nmethod 0x000001838e33f590
Event: 18.744 Thread 0x00000183e2180170 flushing  nmethod 0x000001838e340310
Event: 18.744 Thread 0x00000183e2180170 flushing  nmethod 0x000001838e342190
Event: 18.744 Thread 0x00000183e2180170 flushing osr nmethod 0x000001838e349310
Event: 18.744 Thread 0x00000183e2180170 flushing  nmethod 0x000001838e350c90
Event: 18.744 Thread 0x00000183e2180170 flushing  nmethod 0x000001838e358e10
Event: 18.744 Thread 0x00000183e2180170 flushing  nmethod 0x000001838e359390
Event: 18.744 Thread 0x00000183e2180170 flushing  nmethod 0x000001838e359790
Event: 18.744 Thread 0x00000183e2180170 flushing  nmethod 0x000001838e362890

Events (20 events):
Event: 153.542 Thread 0x00000183ee217570 Thread exited: 0x00000183ee217570
Event: 153.542 Thread 0x00000183ee21a9f0 Thread exited: 0x00000183ee21a9f0
Event: 153.543 Thread 0x00000183ea3fc580 Thread exited: 0x00000183ea3fc580
Event: 153.543 Thread 0x00000183ee21b080 Thread exited: 0x00000183ee21b080
Event: 153.914 Thread 0x00000183ed3c0410 Thread exited: 0x00000183ed3c0410
Event: 161.605 Thread 0x00000183e218cfd0 Thread added: 0x00000183ed3c1f50
Event: 161.620 Thread 0x00000183e8931420 Thread added: 0x00000183ea2d2210
Event: 161.621 Thread 0x00000183e8931420 Thread added: 0x00000183ea3fc580
Event: 161.622 Thread 0x00000183e8931420 Thread added: 0x00000183ecee8760
Event: 161.622 Thread 0x00000183e8931420 Thread added: 0x00000183ecee8df0
Event: 162.038 Thread 0x00000183e8931420 Thread added: 0x00000183ecee9480
Event: 162.506 Thread 0x00000183ecee9480 Thread exited: 0x00000183ecee9480
Event: 162.506 Thread 0x00000183ecee8df0 Thread exited: 0x00000183ecee8df0
Event: 162.509 Thread 0x00000183ea2d2210 Thread exited: 0x00000183ea2d2210
Event: 162.509 Thread 0x00000183ea3fc580 Thread exited: 0x00000183ea3fc580
Event: 162.510 Thread 0x00000183ecee8760 Thread exited: 0x00000183ecee8760
Event: 163.143 Thread 0x00000183ed3c1f50 Thread exited: 0x00000183ed3c1f50
Event: 163.879 Thread 0x00000183e3412840 Thread added: 0x00000183ed3c1f50
Event: 165.024 Thread 0x00000183ed3c1f50 Thread exited: 0x00000183ed3c1f50
Event: 168.249 Thread 0x00000183e3412840 Thread added: 0x00000183ed3c1f50


Dynamic libraries:
0x00007ff6df590000 - 0x00007ff6df59e000 	c:\Users\SHARK GAMING\.cursor\extensions\redhat.java-1.51.0-win32-x64\jre\21.0.9-win32-x86_64\bin\java.exe
0x00007ffc9f0a0000 - 0x00007ffc9f307000 	C:\WINDOWS\SYSTEM32\ntdll.dll
0x00007ffc9d910000 - 0x00007ffc9d9d9000 	C:\WINDOWS\System32\KERNEL32.DLL
0x00007ffc9c590000 - 0x00007ffc9c97f000 	C:\WINDOWS\System32\KERNELBASE.dll
0x00007ffc9c440000 - 0x00007ffc9c58b000 	C:\WINDOWS\System32\ucrtbase.dll
0x00007ffc738c0000 - 0x00007ffc738d8000 	c:\Users\SHARK GAMING\.cursor\extensions\redhat.java-1.51.0-win32-x64\jre\21.0.9-win32-x86_64\bin\jli.dll
0x00007ffc9cf70000 - 0x00007ffc9d135000 	C:\WINDOWS\System32\USER32.dll
0x00007ffc9c360000 - 0x00007ffc9c387000 	C:\WINDOWS\System32\win32u.dll
0x00007ffc9e2c0000 - 0x00007ffc9e2eb000 	C:\WINDOWS\System32\GDI32.dll
0x00007ffc9ca50000 - 0x00007ffc9cb7c000 	C:\WINDOWS\System32\gdi32full.dll
0x00007ffc9c390000 - 0x00007ffc9c433000 	C:\WINDOWS\System32\msvcp_win.dll
0x00007ffc734c0000 - 0x00007ffc734de000 	c:\Users\SHARK GAMING\.cursor\extensions\redhat.java-1.51.0-win32-x64\jre\21.0.9-win32-x86_64\bin\VCRUNTIME140.dll
0x00007ffc8a550000 - 0x00007ffc8a7e3000 	C:\WINDOWS\WinSxS\amd64_microsoft.windows.common-controls_6595b64144ccf1df_6.0.26100.7309_none_3e05feeae336a044\COMCTL32.dll
0x00007ffc9dc70000 - 0x00007ffc9dd19000 	C:\WINDOWS\System32\msvcrt.dll
0x00007ffc9de30000 - 0x00007ffc9de61000 	C:\WINDOWS\System32\IMM32.DLL
0x00007ffc95130000 - 0x00007ffc9513c000 	c:\Users\SHARK GAMING\.cursor\extensions\redhat.java-1.51.0-win32-x64\jre\21.0.9-win32-x86_64\bin\vcruntime140_1.dll
0x00007ffc63660000 - 0x00007ffc636ed000 	c:\Users\SHARK GAMING\.cursor\extensions\redhat.java-1.51.0-win32-x64\jre\21.0.9-win32-x86_64\bin\msvcp140.dll
0x00007ffc2bb10000 - 0x00007ffc2c8b0000 	c:\Users\SHARK GAMING\.cursor\extensions\redhat.java-1.51.0-win32-x64\jre\21.0.9-win32-x86_64\bin\server\jvm.dll
0x00007ffc9d830000 - 0x00007ffc9d8e4000 	C:\WINDOWS\System32\ADVAPI32.dll
0x00007ffc9e210000 - 0x00007ffc9e2b6000 	C:\WINDOWS\System32\sechost.dll
0x00007ffc9ce40000 - 0x00007ffc9cf58000 	C:\WINDOWS\System32\RPCRT4.dll
0x00007ffc9d320000 - 0x00007ffc9d394000 	C:\WINDOWS\System32\WS2_32.dll
0x00007ffc9c050000 - 0x00007ffc9c0ae000 	C:\WINDOWS\SYSTEM32\POWRPROF.dll
0x00007ffc8ab10000 - 0x00007ffc8ab45000 	C:\WINDOWS\SYSTEM32\WINMM.dll
0x00007ffc94710000 - 0x00007ffc9471b000 	C:\WINDOWS\SYSTEM32\VERSION.dll
0x00007ffc9c030000 - 0x00007ffc9c044000 	C:\WINDOWS\SYSTEM32\UMPDC.dll
0x00007ffc9af60000 - 0x00007ffc9af7b000 	C:\WINDOWS\SYSTEM32\kernel.appcore.dll
0x00007ffc86480000 - 0x00007ffc8648a000 	c:\Users\SHARK GAMING\.cursor\extensions\redhat.java-1.51.0-win32-x64\jre\21.0.9-win32-x86_64\bin\jimage.dll
0x00007ffc8a810000 - 0x00007ffc8aa52000 	C:\WINDOWS\SYSTEM32\DBGHELP.DLL
0x00007ffc9de80000 - 0x00007ffc9e206000 	C:\WINDOWS\System32\combase.dll
0x00007ffc9dd50000 - 0x00007ffc9de26000 	C:\WINDOWS\System32\OLEAUT32.dll
0x00007ffc87070000 - 0x00007ffc870ac000 	C:\WINDOWS\SYSTEM32\dbgcore.DLL
0x00007ffc9cd90000 - 0x00007ffc9ce35000 	C:\WINDOWS\System32\bcryptPrimitives.dll
0x00007ffc95eb0000 - 0x00007ffc95ebf000 	c:\Users\SHARK GAMING\.cursor\extensions\redhat.java-1.51.0-win32-x64\jre\21.0.9-win32-x86_64\bin\instrument.dll
0x00007ffc690d0000 - 0x00007ffc690f0000 	c:\Users\SHARK GAMING\.cursor\extensions\redhat.java-1.51.0-win32-x64\jre\21.0.9-win32-x86_64\bin\java.dll
0x00007ffc9e2f0000 - 0x00007ffc9ea43000 	C:\WINDOWS\System32\SHELL32.dll
0x00007ffc9c1f0000 - 0x00007ffc9c35a000 	C:\WINDOWS\System32\wintypes.dll
0x00007ffc99dd0000 - 0x00007ffc9a62e000 	C:\WINDOWS\SYSTEM32\windows.storage.dll
0x00007ffc9da50000 - 0x00007ffc9db45000 	C:\WINDOWS\System32\SHCORE.dll
0x00007ffc9d9e0000 - 0x00007ffc9da46000 	C:\WINDOWS\System32\shlwapi.dll
0x00007ffc9c110000 - 0x00007ffc9c139000 	C:\WINDOWS\SYSTEM32\profapi.dll
0x00007ffc67e20000 - 0x00007ffc67e38000 	c:\Users\SHARK GAMING\.cursor\extensions\redhat.java-1.51.0-win32-x64\jre\21.0.9-win32-x86_64\bin\zip.dll
0x00007ffc785b0000 - 0x00007ffc785c0000 	C:\Users\SHARK GAMING\.cursor\extensions\redhat.java-1.51.0-win32-x64\jre\21.0.9-win32-x86_64\bin\net.dll
0x00007ffc94050000 - 0x00007ffc94178000 	C:\WINDOWS\SYSTEM32\WINHTTP.dll
0x00007ffc9b4b0000 - 0x00007ffc9b51b000 	C:\WINDOWS\system32\mswsock.dll
0x00007ffc64650000 - 0x00007ffc64666000 	C:\Users\SHARK GAMING\.cursor\extensions\redhat.java-1.51.0-win32-x64\jre\21.0.9-win32-x86_64\bin\nio.dll
0x00007ffc86c40000 - 0x00007ffc86c50000 	c:\Users\SHARK GAMING\.cursor\extensions\redhat.java-1.51.0-win32-x64\jre\21.0.9-win32-x86_64\bin\verify.dll
0x00007ffc62be0000 - 0x00007ffc62c24000 	C:\Users\SHARK GAMING\AppData\Roaming\Cursor\User\globalStorage\redhat.java\1.51.0\config_win\org.eclipse.equinox.launcher\org.eclipse.equinox.launcher.win32.win32.x86_64_1.2.1400.v20250801-0854\eclipse_11916.dll
0x00007ffc9ee70000 - 0x00007ffc9f007000 	C:\WINDOWS\System32\ole32.dll
0x00007ffc9b8a0000 - 0x00007ffc9b8bb000 	C:\WINDOWS\SYSTEM32\CRYPTSP.dll
0x00007ffc9aec0000 - 0x00007ffc9aefa000 	C:\WINDOWS\system32\rsaenh.dll
0x00007ffc9b560000 - 0x00007ffc9b58b000 	C:\WINDOWS\SYSTEM32\USERENV.dll
0x00007ffc9c0e0000 - 0x00007ffc9c10a000 	C:\WINDOWS\SYSTEM32\bcrypt.dll
0x00007ffc9b700000 - 0x00007ffc9b70c000 	C:\WINDOWS\SYSTEM32\CRYPTBASE.dll
0x00007ffc9a950000 - 0x00007ffc9a984000 	C:\WINDOWS\SYSTEM32\IPHLPAPI.DLL
0x00007ffc9de70000 - 0x00007ffc9de7a000 	C:\WINDOWS\System32\NSI.dll
0x00007ffc5ec30000 - 0x00007ffc5ec79000 	C:\Users\SHARK GAMING\AppData\Local\Temp\jna-1813766378\jna13695352917632686008.dll
0x00007ffc9dc50000 - 0x00007ffc9dc58000 	C:\WINDOWS\System32\PSAPI.DLL
0x00007ffc73380000 - 0x00007ffc7338a000 	C:\Users\SHARK GAMING\.cursor\extensions\redhat.java-1.51.0-win32-x64\jre\21.0.9-win32-x86_64\bin\management.dll
0x00007ffc73350000 - 0x00007ffc7335c000 	C:\Users\SHARK GAMING\.cursor\extensions\redhat.java-1.51.0-win32-x64\jre\21.0.9-win32-x86_64\bin\management_ext.dll
0x00007ffc93fd0000 - 0x00007ffc93fee000 	C:\WINDOWS\SYSTEM32\dhcpcsvc6.DLL
0x00007ffc93f40000 - 0x00007ffc93f63000 	C:\WINDOWS\SYSTEM32\dhcpcsvc.DLL
0x00007ffc64210000 - 0x00007ffc64237000 	C:\Users\SHARK GAMING\.gradle\native\1def1411415f61bf3af743bc5b6707747c0891f09f0c88961ee8f79bc544acac\windows-amd64\native-platform.dll
0x00007ffc71960000 - 0x00007ffc71969000 	C:\Users\SHARK GAMING\.cursor\extensions\redhat.java-1.51.0-win32-x64\jre\21.0.9-win32-x86_64\bin\extnet.dll
0x00007ffc71d60000 - 0x00007ffc71d6e000 	C:\Users\SHARK GAMING\.cursor\extensions\redhat.java-1.51.0-win32-x64\jre\21.0.9-win32-x86_64\bin\sunmscapi.dll
0x00007ffc9cb80000 - 0x00007ffc9ccf7000 	C:\WINDOWS\System32\CRYPT32.dll
0x00007ffc9b9f0000 - 0x00007ffc9ba20000 	C:\WINDOWS\SYSTEM32\ncrypt.dll
0x00007ffc9b9a0000 - 0x00007ffc9b9df000 	C:\WINDOWS\SYSTEM32\NTASN1.dll
0x00007ffc39040000 - 0x00007ffc39048000 	C:\WINDOWS\system32\wshunix.dll
0x00007ffc9a9e0000 - 0x00007ffc9ab0c000 	C:\WINDOWS\SYSTEM32\DNSAPI.dll
0x00007ffc94720000 - 0x00007ffc9472b000 	C:\Windows\System32\rasadhlp.dll
0x00007ffc92450000 - 0x00007ffc924d6000 	C:\WINDOWS\System32\fwpuclnt.dll
0x00007ffc9b080000 - 0x00007ffc9b0b6000 	C:\WINDOWS\SYSTEM32\ntmarta.dll

JVMTI agents:
c:\Users\SHARK GAMING\.cursor\extensions\redhat.java-1.51.0-win32-x64\lombok\lombok-1.18.39-4050.jar path:c:\Users\SHARK GAMING\.cursor\extensions\redhat.java-1.51.0-win32-x64\jre\21.0.9-win32-x86_64\bin\instrument.dll, loaded, initialized, instrumentlib options:none

dbghelp: loaded successfully - version: 4.0.5 - missing functions: none
symbol engine: initialized successfully - sym options: 0x614 - pdb path: .;c:\Users\SHARK GAMING\.cursor\extensions\redhat.java-1.51.0-win32-x64\jre\21.0.9-win32-x86_64\bin;C:\WINDOWS\SYSTEM32;C:\WINDOWS\WinSxS\amd64_microsoft.windows.common-controls_6595b64144ccf1df_6.0.26100.7309_none_3e05feeae336a044;c:\Users\SHARK GAMING\.cursor\extensions\redhat.java-1.51.0-win32-x64\jre\21.0.9-win32-x86_64\bin\server;C:\Users\SHARK GAMING\AppData\Roaming\Cursor\User\globalStorage\redhat.java\1.51.0\config_win\org.eclipse.equinox.launcher\org.eclipse.equinox.launcher.win32.win32.x86_64_1.2.1400.v20250801-0854;C:\Users\SHARK GAMING\AppData\Local\Temp\jna-1813766378;C:\Users\SHARK GAMING\.gradle\native\1def1411415f61bf3af743bc5b6707747c0891f09f0c88961ee8f79bc544acac\windows-amd64

VM Arguments:
jvm_args: --add-modules=ALL-SYSTEM --add-opens=java.base/java.util=ALL-UNNAMED --add-opens=java.base/java.lang=ALL-UNNAMED --add-opens=java.base/sun.nio.fs=ALL-UNNAMED -Declipse.application=org.eclipse.jdt.ls.core.id1 -Dosgi.bundles.defaultStartLevel=4 -Declipse.product=org.eclipse.jdt.ls.core.product -Djava.import.generatesMetadataFilesAtProjectRoot=false -DDetectVMInstallationsJob.disabled=true -Dfile.encoding=utf8 -XX:+UseParallelGC -XX:GCTimeRatio=4 -XX:AdaptiveSizePolicyWeight=90 -Dsun.zip.disableMemoryMapping=true -Xmx2G -Xms100m -Xlog:disable -javaagent:c:\Users\SHARK GAMING\.cursor\extensions\redhat.java-1.51.0-win32-x64\lombok\lombok-1.18.39-4050.jar -XX:+HeapDumpOnOutOfMemoryError -XX:HeapDumpPath=c:\Users\SHARK GAMING\AppData\Roaming\Cursor\User\workspaceStorage\dc6ebdc13448dbced74e1387565d2f0e\redhat.java -Daether.dependencyCollector.impl=bf 
java_command: c:\Users\SHARK GAMING\.cursor\extensions\redhat.java-1.51.0-win32-x64\server\plugins\org.eclipse.equinox.launcher_1.7.100.v20251111-0406.jar -configuration c:\Users\SHARK GAMING\AppData\Roaming\Cursor\User\globalStorage\redhat.java\1.51.0\config_win -data c:\Users\SHARK GAMING\AppData\Roaming\Cursor\User\workspaceStorage\dc6ebdc13448dbced74e1387565d2f0e\redhat.java\jdt_ws --pipe=\\.\pipe\lsp-7f78e7635116b367d3709890d73d9309-sock
java_class_path (initial): c:\Users\SHARK GAMING\.cursor\extensions\redhat.java-1.51.0-win32-x64\server\plugins\org.eclipse.equinox.launcher_1.7.100.v20251111-0406.jar
Launcher Type: SUN_STANDARD

[Global flags]
    uintx AdaptiveSizePolicyWeight                 = 90                                        {product} {command line}
     intx CICompilerCount                          = 3                                         {product} {ergonomic}
    uintx GCTimeRatio                              = 4                                         {product} {command line}
     bool HeapDumpOnOutOfMemoryError               = true                                   {manageable} {command line}
    ccstr HeapDumpPath                             = c:\Users\SHARK GAMING\AppData\Roaming\Cursor\User\workspaceStorage\dc6ebdc13448dbced74e1387565d2f0e\redhat.java         {manageable} {command line}
   size_t InitialHeapSize                          = 104857600                                 {product} {command line}
   size_t MaxHeapSize                              = 2147483648                                {product} {command line}
   size_t MaxNewSize                               = 715653120                                 {product} {ergonomic}
   size_t MinHeapDeltaBytes                        = 524288                                    {product} {ergonomic}
   size_t MinHeapSize                              = 104857600                                 {product} {command line}
   size_t NewSize                                  = 34603008                                  {product} {ergonomic}
    uintx NonNMethodCodeHeapSize                   = 5832780                                {pd product} {ergonomic}
    uintx NonProfiledCodeHeapSize                  = 122912730                              {pd product} {ergonomic}
   size_t OldSize                                  = 70254592                                  {product} {ergonomic}
    uintx ProfiledCodeHeapSize                     = 122912730                              {pd product} {ergonomic}
    uintx ReservedCodeCacheSize                    = 251658240                              {pd product} {ergonomic}
     bool SegmentedCodeCache                       = true                                      {product} {ergonomic}
   size_t SoftMaxHeapSize                          = 2147483648                             {manageable} {ergonomic}
     bool UseCompressedOops                        = true                           {product lp64_product} {ergonomic}
     bool UseLargePagesIndividualAllocation        = false                                  {pd product} {ergonomic}
     bool UseParallelGC                            = true                                      {product} {command line}

Logging:
Log output configuration:
 #0: stdout all=off uptime,level,tags foldmultilines=false
 #1: stderr all=off uptime,level,tags foldmultilines=false

Release file:
JAVA_VERSION="21.0.9" 
MODULES="java.base java.compiler java.datatransfer java.xml java.prefs java.desktop java.instrument java.logging java.management java.security.sasl java.naming java.rmi java.management.rmi java.net.http java.scripting java.security.jgss java.transaction.xa java.sql java.sql.rowset java.xml.crypto java.se java.smartcardio jdk.accessibility jdk.internal.jvmstat jdk.attach jdk.charsets jdk.internal.opt jdk.zipfs jdk.compiler jdk.crypto.ec jdk.crypto.cryptoki jdk.crypto.mscapi jdk.dynalink jdk.internal.ed jdk.editpad jdk.hotspot.agent jdk.httpserver jdk.internal.le jdk.internal.vm.ci jdk.internal.vm.compiler jdk.internal.vm.compiler.management jdk.jartool jdk.javadoc jdk.jcmd jdk.management jdk.management.agent jdk.jconsole jdk.jdeps jdk.jdwp.agent jdk.jdi jdk.jfr jdk.jshell jdk.jsobject jdk.jstatd jdk.localedata jdk.management.jfr jdk.naming.dns jdk.naming.rmi jdk.net jdk.nio.mapmode jdk.random jdk.sctp jdk.security.auth jdk.security.jgss jdk.unsupported jdk.unsupported.desktop jdk.xml.dom" 

Environment Variables:
JAVA_HOME=C:\Program Files\Java\jdk-21
PATH=C:\Program Files (x86)\VMware\VMware Player\bin\;c:\Users\SHARK GAMING\AppData\Local\Programs\cursor\resources\app\bin;C:\Program Files\Google\Chrome\Application;C:\Program Files\Common Files\Oracle\Java\javapath;C:\WINDOWS\system32;C:\WINDOWS;C:\WINDOWS\System32\Wbem;C:\WINDOWS\System32\WindowsPowerShell\v1.0\;C:\WINDOWS\System32\OpenSSH\;C:\Program Files\apache-maven-3.9.5\bin;C:\Program Files\gradle-8.4\bin;C:\Program Files\Git\cmd;C:\Users\SHARK GAMING\AppData\Roaming\npm;C:\Program Files\nodejs\;C:\Program Files\Common Files\Oracle\Java\javapath;C:\WINDOWS\system32;C:\WINDOWS;C:\WINDOWS\System32\Wbem;C:\WINDOWS\System32\WindowsPowerShell\v1.0\;C:\WINDOWS\System32\OpenSSH\;C:\Program Files\apache-maven-3.9.5\bin;C:\Program Files\gradle-8.4\bin;C:\Program Files\Git\cmd;C:\Program Files\nodejs\;C:\Users\SHARK GAMING\AppData\Local\Programs\Python\Python312\Scripts\;C:\Users\SHARK GAMING\AppData\Local\Programs\Python\Python312\;C:\Users\SHARK G;C:\Program Files\cursor\resources\app\bin;C:\Program Files\Docker\Docker\resources\bin;C:\Program Files\Amazon\AWSCLIV2\;C:\Program Files\Common Files\Oracle\Java\javapath;C:\WINDOWS\system32;C:\WINDOWS;C:\WINDOWS\System32\Wbem;C:\WINDOWS\System32\WindowsPowerShell\v1.0\;C:\WINDOWS\System32\OpenSSH\;C:\Program Files\apache-maven-3.9.5\bin;C:\Program Files\gradle-8.4\bin;C:\Program Files\Git\cmd;C:\Program Files\Docker\Docker\resources\bin;C:\Program Files\nodejs\;C:\Users\SHARK GAMING\AppData\Local\Programs\Python\Python312\Scripts\;C:\Users\SHARK GAMING\AppData\Local\Programs\Python\Python312\;C:\Users\SHARK GAMING\AppData\Local\Programs\Python\Launcher\;C:\Users\SHARK GAMING\AppData\Local\Microsoft\WindowsApps;;C:\Users\SHARK GAMING\AppData\Local\Programs\Microsoft VS Code\bin;C:\Users;C:\Users\SHARK GAMING\AppData\Local\Microsoft\WindowsApps;C:\Users\SHARK GAMING\AppData\Roaming\npm;C:\Users\SHARK GAMING\AppData\Local\Programs\Windsurf\bin
USERNAME=SHARK GAMING
OS=Windows_NT
PROCESSOR_IDENTIFIER=Intel64 Family 6 Model 158 Stepping 12, GenuineIntel
TMP=C:\Users\SHARKG~1\AppData\Local\Temp
TEMP=C:\Users\SHARKG~1\AppData\Local\Temp




Periodic native trim disabled

---------------  S Y S T E M  ---------------

OS:
 Windows 11 , 64 bit Build 26100 (10.0.26100.7623)
OS uptime: 3 days 21:00 hours
Hyper-V role detected

CPU: total 6 (initial active 6) (6 cores per cpu, 1 threads per core) family 6 model 158 stepping 12 microcode 0xde, cx8, cmov, fxsr, mmx, 3dnowpref, sse, sse2, sse3, ssse3, sse4.1, sse4.2, popcnt, lzcnt, tsc, tscinvbit, avx, avx2, aes, erms, clmul, bmi1, bmi2, rtm, adx, fma, vzeroupper, clflush, clflushopt, hv, rdtscp, f16c
Processor Information for the first 6 processors :
  Max Mhz: 3696, Current Mhz: 3696, Mhz Limit: 3696

Memory: 4k page, system-wide physical 16188M (898M free)
TotalPageFile size 65340M (AvailPageFile size 7M)
current process WorkingSet (physical memory assigned to process): 489M, peak: 491M
current process commit charge ("private bytes"): 558M, peak: 559M

vm_info: OpenJDK 64-Bit Server VM (21.0.9+10-LTS) for windows-amd64 JRE (21.0.9+10-LTS), built on 2025-10-21T00:00:00Z by "admin" with unknown MS VC++:1942

END.
